DONE fair_v2_CE_s20262002_p-06_Nd1501 models=3 seconds=2.524
DONE fair_v2_CE_s20262002_p+00_Nd1501 models=3 seconds=2.479
DONE fair_v2_CE_s20262002_p+03_Nd1501 models=3 seconds=2.447
DONE fair_v2_CE_s20262102_p-06_Nd1501 models=3 seconds=2.492
DONE fair_v2_CE_s20262102_p+00_Nd1501 models=3 seconds=2.471
DONE fair_v2_CE_s20262102_p+03_Nd1501 models=3 seconds=2.497
DONE fair_v2_CE_s20262202_p-06_Nd1501 models=3 seconds=2.457
DONE fair_v2_CE_s20262202_p+00_Nd1501 models=3 seconds=2.447
DONE fair_v2_CE_s20262202_p+03_Nd1501 models=3 seconds=2.500
DONE fair_v2_CE_s20262302_p-06_Nd1501 models=3 seconds=2.548
DONE fair_v2_CE_s20262302_p+00_Nd1501 models=3 seconds=2.466
DONE fair_v2_CE_s20262302_p+03_Nd1501 models=3 seconds=2.487
DONE fair_v2_QPSK_s20262003_p-06_Nd1501 models=3 seconds=2.451
DONE fair_v2_QPSK_s20262003_p+00_Nd1501 models=3 seconds=2.460
DONE fair_v2_QPSK_s20262003_p+03_Nd1501 models=3 seconds=2.473
DONE fair_v2_QPSK_s20262103_p-06_Nd1501 models=3 seconds=2.461
DONE fair_v2_QPSK_s20262103_p+00_Nd1501 models=3 seconds=2.510
DONE fair_v2_QPSK_s20262103_p+03_Nd1501 models=3 seconds=2.426
DONE fair_v2_QPSK_s20262203_p-06_Nd1501 models=3 seconds=2.466
DONE fair_v2_QPSK_s20262203_p+00_Nd1501 models=3 seconds=2.478
DONE fair_v2_QPSK_s20262203_p+03_Nd1501 models=3 seconds=2.490
DONE fair_v2_QPSK_s20262303_p-06_Nd1501 models=3 seconds=2.444
DONE fair_v2_QPSK_s20262303_p+00_Nd1501 models=3 seconds=2.407
DONE fair_v2_QPSK_s20262303_p+03_Nd1501 models=3 seconds=2.457
DONE fair_v2_16QAM_s20262004_p-06_Nd1501 models=3 seconds=2.430
DONE fair_v2_16QAM_s20262004_p+00_Nd1501 models=3 seconds=2.455
DONE fair_v2_16QAM_s20262004_p+03_Nd1501 models=3 seconds=2.451
DONE fair_v2_16QAM_s20262104_p-06_Nd1501 models=3 seconds=2.439
DONE fair_v2_16QAM_s20262104_p+00_Nd1501 models=3 seconds=2.466
DONE fair_v2_16QAM_s20262104_p+03_Nd1501 models=3 seconds=2.438
DONE fair_v2_16QAM_s20262204_p-06_Nd1501 models=3 seconds=2.463
DONE fair_v2_16QAM_s20262204_p+00_Nd1501 models=3 seconds=2.485
DONE fair_v2_16QAM_s20262204_p+03_Nd1501 models=3 seconds=2.517
DONE fair_v2_16QAM_s20262304_p-06_Nd1501 models=3 seconds=2.483
DONE fair_v2_16QAM_s20262304_p+00_Nd1501 models=3 seconds=2.462
DONE fair_v2_16QAM_s20262304_p+03_Nd1501 models=3 seconds=2.416
DONE fair_v2_OFDM_s20262005_p-06_Nd1501 models=3 seconds=2.486
DONE fair_v2_OFDM_s20262005_p+00_Nd1501 models=3 seconds=2.507
DONE fair_v2_OFDM_s20262005_p+03_Nd1501 models=3 seconds=2.484
DONE fair_v2_OFDM_s20262105_p-06_Nd1501 models=3 seconds=2.460
DONE fair_v2_OFDM_s20262105_p+00_Nd1501 models=3 seconds=2.464
DONE fair_v2_OFDM_s20262105_p+03_Nd1501 models=3 seconds=2.413
DONE fair_v2_OFDM_s20262205_p-06_Nd1501 models=3 seconds=2.463
DONE fair_v2_OFDM_s20262205_p+00_Nd1501 models=3 seconds=2.495
DONE fair_v2_OFDM_s20262205_p+03_Nd1501 models=3 seconds=2.440
DONE fair_v2_OFDM_s20262305_p-06_Nd1501 models=3 seconds=2.432
DONE fair_v2_OFDM_s20262305_p+00_Nd1501 models=3 seconds=2.454
DONE fair_v2_OFDM_s20262305_p+03_Nd1501 models=3 seconds=2.444
DONE fair_v2_CE_s20262002_p-15_Nd1501 models=3 seconds=2.524
DONE fair_v2_CE_s20262002_p-10_Nd1501 models=3 seconds=2.447
DONE fair_v2_CE_s20262002_p-03_Nd1501 models=3 seconds=2.424
DONE fair_v2_CE_s20262002_p+06_Nd1501 models=3 seconds=2.450
DONE fair_v2_CE_s20262102_p-15_Nd1501 models=3 seconds=2.486
DONE fair_v2_CE_s20262102_p-10_Nd1501 models=3 seconds=2.461
DONE fair_v2_CE_s20262102_p-03_Nd1501 models=3 seconds=2.456
DONE fair_v2_CE_s20262102_p+06_Nd1501 models=3 seconds=2.449
DONE fair_v2_CE_s20262202_p-15_Nd1501 models=3 seconds=2.598
DONE fair_v2_CE_s20262202_p-10_Nd1501 models=3 seconds=2.488
DONE fair_v2_CE_s20262202_p-03_Nd1501 models=3 seconds=2.509
DONE fair_v2_CE_s20262202_p+06_Nd1501 models=3 seconds=2.447
DONE fair_v2_CE_s20262302_p-15_Nd1501 models=3 seconds=2.498
DONE fair_v2_CE_s20262302_p-10_Nd1501 models=3 seconds=2.454
DONE fair_v2_CE_s20262302_p-03_Nd1501 models=3 seconds=2.476
DONE fair_v2_CE_s20262302_p+06_Nd1501 models=3 seconds=2.448
DONE fair_v2_QPSK_s20262003_p-15_Nd1501 models=3 seconds=2.476
DONE fair_v2_QPSK_s20262003_p-10_Nd1501 models=3 seconds=2.488
DONE fair_v2_QPSK_s20262003_p-03_Nd1501 models=3 seconds=2.443
DONE fair_v2_QPSK_s20262003_p+06_Nd1501 models=3 seconds=2.520
DONE fair_v2_QPSK_s20262103_p-15_Nd1501 models=3 seconds=2.451
DONE fair_v2_QPSK_s20262103_p-10_Nd1501 models=3 seconds=2.405
DONE fair_v2_QPSK_s20262103_p-03_Nd1501 models=3 seconds=2.432
DONE fair_v2_QPSK_s20262103_p+06_Nd1501 models=3 seconds=2.497
DONE fair_v2_QPSK_s20262203_p-15_Nd1501 models=3 seconds=2.440
DONE fair_v2_QPSK_s20262203_p-10_Nd1501 models=3 seconds=2.451
DONE fair_v2_QPSK_s20262203_p-03_Nd1501 models=3 seconds=2.461
DONE fair_v2_QPSK_s20262203_p+06_Nd1501 models=3 seconds=2.439
DONE fair_v2_QPSK_s20262303_p-15_Nd1501 models=3 seconds=2.472
DONE fair_v2_QPSK_s20262303_p-10_Nd1501 models=3 seconds=2.470
DONE fair_v2_QPSK_s20262303_p-03_Nd1501 models=3 seconds=2.483
DONE fair_v2_QPSK_s20262303_p+06_Nd1501 models=3 seconds=2.469
DONE fair_v2_16QAM_s20262004_p-15_Nd1501 models=3 seconds=2.437
DONE fair_v2_16QAM_s20262004_p-10_Nd1501 models=3 seconds=2.440
DONE fair_v2_16QAM_s20262004_p-03_Nd1501 models=3 seconds=2.435
DONE fair_v2_16QAM_s20262004_p+06_Nd1501 models=3 seconds=2.448
DONE fair_v2_16QAM_s20262104_p-15_Nd1501 models=3 seconds=2.457
DONE fair_v2_16QAM_s20262104_p-10_Nd1501 models=3 seconds=2.444
DONE fair_v2_16QAM_s20262104_p-03_Nd1501 models=3 seconds=2.469
DONE fair_v2_16QAM_s20262104_p+06_Nd1501 models=3 seconds=2.460
DONE fair_v2_16QAM_s20262204_p-15_Nd1501 models=3 seconds=2.410
DONE fair_v2_16QAM_s20262204_p-10_Nd1501 models=3 seconds=2.470
DONE fair_v2_16QAM_s20262204_p-03_Nd1501 models=3 seconds=2.478
DONE fair_v2_16QAM_s20262204_p+06_Nd1501 models=3 seconds=2.500
DONE fair_v2_16QAM_s20262304_p-15_Nd1501 models=3 seconds=2.435
DONE fair_v2_16QAM_s20262304_p-10_Nd1501 models=3 seconds=2.456
DONE fair_v2_16QAM_s20262304_p-03_Nd1501 models=3 seconds=2.453
DONE fair_v2_16QAM_s20262304_p+06_Nd1501 models=3 seconds=2.441
DONE fair_v2_OFDM_s20262005_p-15_Nd1501 models=3 seconds=2.483
DONE fair_v2_OFDM_s20262005_p-10_Nd1501 models=3 seconds=2.455
DONE fair_v2_OFDM_s20262005_p-03_Nd1501 models=3 seconds=2.463
DONE fair_v2_OFDM_s20262005_p+06_Nd1501 models=3 seconds=2.487
DONE fair_v2_OFDM_s20262105_p-15_Nd1501 models=3 seconds=2.459
DONE fair_v2_OFDM_s20262105_p-10_Nd1501 models=3 seconds=2.485
DONE fair_v2_OFDM_s20262105_p-03_Nd1501 models=3 seconds=2.490
DONE fair_v2_OFDM_s20262105_p+06_Nd1501 models=3 seconds=2.434
DONE fair_v2_OFDM_s20262205_p-15_Nd1501 models=3 seconds=2.456
DONE fair_v2_OFDM_s20262205_p-10_Nd1501 models=3 seconds=2.436
DONE fair_v2_OFDM_s20262205_p-03_Nd1501 models=3 seconds=2.445
DONE fair_v2_OFDM_s20262205_p+06_Nd1501 models=3 seconds=2.481
DONE fair_v2_OFDM_s20262305_p-15_Nd1501 models=3 seconds=2.427
DONE fair_v2_OFDM_s20262305_p-10_Nd1501 models=3 seconds=2.441
DONE fair_v2_OFDM_s20262305_p-03_Nd1501 models=3 seconds=2.438
DONE fair_v2_OFDM_s20262305_p+06_Nd1501 models=3 seconds=2.437
DONE fair_v2_CE_s20262402_p-03_Nd1501 models=3 seconds=2.568
DONE fair_v2_CE_s20262402_p+00_Nd1501 models=3 seconds=2.442
DONE fair_v2_CE_s20262402_p+03_Nd1501 models=3 seconds=2.440
DONE fair_v2_CE_s20262402_p+06_Nd1501 models=3 seconds=2.483
DONE fair_v2_CE_s20262502_p-03_Nd1501 models=3 seconds=2.497
DONE fair_v2_CE_s20262502_p+00_Nd1501 models=3 seconds=2.463
DONE fair_v2_CE_s20262502_p+03_Nd1501 models=3 seconds=2.476
DONE fair_v2_CE_s20262502_p+06_Nd1501 models=3 seconds=2.451
DONE fair_v2_CE_s20262602_p-03_Nd1501 models=3 seconds=2.481
DONE fair_v2_CE_s20262602_p+00_Nd1501 models=3 seconds=2.452
DONE fair_v2_CE_s20262602_p+03_Nd1501 models=3 seconds=2.474
DONE fair_v2_CE_s20262602_p+06_Nd1501 models=3 seconds=2.483
DONE fair_v2_CE_s20262702_p-03_Nd1501 models=3 seconds=2.507
DONE fair_v2_CE_s20262702_p+00_Nd1501 models=3 seconds=2.493
DONE fair_v2_CE_s20262702_p+03_Nd1501 models=3 seconds=2.445
DONE fair_v2_CE_s20262702_p+06_Nd1501 models=3 seconds=2.502
DONE fair_v2_QPSK_s20262403_p-03_Nd1501 models=3 seconds=2.454
DONE fair_v2_QPSK_s20262403_p+00_Nd1501 models=3 seconds=2.452
DONE fair_v2_QPSK_s20262403_p+03_Nd1501 models=3 seconds=2.427
DONE fair_v2_QPSK_s20262403_p+06_Nd1501 models=3 seconds=2.491
DONE fair_v2_QPSK_s20262503_p-03_Nd1501 models=3 seconds=2.425
DONE fair_v2_QPSK_s20262503_p+00_Nd1501 models=3 seconds=2.437
DONE fair_v2_QPSK_s20262503_p+03_Nd1501 models=3 seconds=2.501
DONE fair_v2_QPSK_s20262503_p+06_Nd1501 models=3 seconds=2.418
DONE fair_v2_QPSK_s20262603_p-03_Nd1501 models=3 seconds=2.479
DONE fair_v2_QPSK_s20262603_p+00_Nd1501 models=3 seconds=2.433
DONE fair_v2_QPSK_s20262603_p+03_Nd1501 models=3 seconds=2.464
DONE fair_v2_QPSK_s20262603_p+06_Nd1501 models=3 seconds=2.490
DONE fair_v2_QPSK_s20262703_p-03_Nd1501 models=3 seconds=2.422
DONE fair_v2_QPSK_s20262703_p+00_Nd1501 models=3 seconds=2.470
DONE fair_v2_QPSK_s20262703_p+03_Nd1501 models=3 seconds=2.456
DONE fair_v2_QPSK_s20262703_p+06_Nd1501 models=3 seconds=2.469
DONE fair_v2_16QAM_s20262404_p-03_Nd1501 models=3 seconds=2.464
DONE fair_v2_16QAM_s20262404_p+00_Nd1501 models=3 seconds=2.467
DONE fair_v2_16QAM_s20262404_p+03_Nd1501 models=3 seconds=2.478
DONE fair_v2_16QAM_s20262404_p+06_Nd1501 models=3 seconds=2.447
DONE fair_v2_16QAM_s20262504_p-03_Nd1501 models=3 seconds=2.471
DONE fair_v2_16QAM_s20262504_p+00_Nd1501 models=3 seconds=2.476
DONE fair_v2_16QAM_s20262504_p+03_Nd1501 models=3 seconds=2.504
DONE fair_v2_16QAM_s20262504_p+06_Nd1501 models=3 seconds=2.450
DONE fair_v2_16QAM_s20262604_p-03_Nd1501 models=3 seconds=2.460
DONE fair_v2_16QAM_s20262604_p+00_Nd1501 models=3 seconds=2.456
DONE fair_v2_16QAM_s20262604_p+03_Nd1501 models=3 seconds=2.440
DONE fair_v2_16QAM_s20262604_p+06_Nd1501 models=3 seconds=2.471
DONE fair_v2_16QAM_s20262704_p-03_Nd1501 models=3 seconds=2.500
DONE fair_v2_16QAM_s20262704_p+00_Nd1501 models=3 seconds=2.439
DONE fair_v2_16QAM_s20262704_p+03_Nd1501 models=3 seconds=2.425
DONE fair_v2_16QAM_s20262704_p+06_Nd1501 models=3 seconds=2.449
DONE fair_v2_OFDM_s20262405_p-03_Nd1501 models=3 seconds=2.440
DONE fair_v2_OFDM_s20262405_p+00_Nd1501 models=3 seconds=2.464
DONE fair_v2_OFDM_s20262405_p+03_Nd1501 models=3 seconds=2.441
DONE fair_v2_OFDM_s20262405_p+06_Nd1501 models=3 seconds=2.460
DONE fair_v2_OFDM_s20262505_p-03_Nd1501 models=3 seconds=2.482
DONE fair_v2_OFDM_s20262505_p+00_Nd1501 models=3 seconds=2.408
DONE fair_v2_OFDM_s20262505_p+03_Nd1501 models=3 seconds=2.450
DONE fair_v2_OFDM_s20262505_p+06_Nd1501 models=3 seconds=2.477
DONE fair_v2_OFDM_s20262605_p-03_Nd1501 models=3 seconds=2.489
DONE fair_v2_OFDM_s20262605_p+00_Nd1501 models=3 seconds=2.445
DONE fair_v2_OFDM_s20262605_p+03_Nd1501 models=3 seconds=2.436
DONE fair_v2_OFDM_s20262605_p+06_Nd1501 models=3 seconds=2.513
DONE fair_v2_OFDM_s20262705_p-03_Nd1501 models=3 seconds=2.469
DONE fair_v2_OFDM_s20262705_p+00_Nd1501 models=3 seconds=2.474
DONE fair_v2_OFDM_s20262705_p+03_Nd1501 models=3 seconds=2.442
DONE fair_v2_OFDM_s20262705_p+06_Nd1501 models=3 seconds=2.504
DONE fair_v3_balanced_ofdm_training_OFDM_s20262005_p-15_Nd1501 models=3 seconds=2.585
DONE fair_v3_balanced_ofdm_training_OFDM_s20262005_p-10_Nd1501 models=3 seconds=2.495
DONE fair_v3_balanced_ofdm_training_OFDM_s20262005_p-06_Nd1501 models=3 seconds=2.466
DONE fair_v3_balanced_ofdm_training_OFDM_s20262005_p-03_Nd1501 models=3 seconds=2.498
DONE fair_v3_balanced_ofdm_training_OFDM_s20262005_p+00_Nd1501 models=3 seconds=2.467
DONE fair_v3_balanced_ofdm_training_OFDM_s20262005_p+03_Nd1501 models=3 seconds=2.461
DONE fair_v3_balanced_ofdm_training_OFDM_s20262005_p+06_Nd1501 models=3 seconds=2.468
DONE fair_v3_balanced_ofdm_training_OFDM_s20262105_p-15_Nd1501 models=3 seconds=2.492
DONE fair_v3_balanced_ofdm_training_OFDM_s20262105_p-10_Nd1501 models=3 seconds=2.495
DONE fair_v3_balanced_ofdm_training_OFDM_s20262105_p-06_Nd1501 models=3 seconds=2.494
DONE fair_v3_balanced_ofdm_training_OFDM_s20262105_p-03_Nd1501 models=3 seconds=2.483
DONE fair_v3_balanced_ofdm_training_OFDM_s20262105_p+00_Nd1501 models=3 seconds=2.506
DONE fair_v3_balanced_ofdm_training_OFDM_s20262105_p+03_Nd1501 models=3 seconds=2.455
DONE fair_v3_balanced_ofdm_training_OFDM_s20262105_p+06_Nd1501 models=3 seconds=2.459
DONE fair_v3_balanced_ofdm_training_OFDM_s20262205_p-15_Nd1501 models=3 seconds=2.469
DONE fair_v3_balanced_ofdm_training_OFDM_s20262205_p-10_Nd1501 models=3 seconds=2.450
DONE fair_v3_balanced_ofdm_training_OFDM_s20262205_p-06_Nd1501 models=3 seconds=2.458
DONE fair_v3_balanced_ofdm_training_OFDM_s20262205_p-03_Nd1501 models=3 seconds=2.457
DONE fair_v3_balanced_ofdm_training_OFDM_s20262205_p+00_Nd1501 models=3 seconds=2.446
DONE fair_v3_balanced_ofdm_training_OFDM_s20262205_p+03_Nd1501 models=3 seconds=2.478
DONE fair_v3_balanced_ofdm_training_OFDM_s20262205_p+06_Nd1501 models=3 seconds=2.435
DONE fair_v3_balanced_ofdm_training_OFDM_s20262305_p-15_Nd1501 models=3 seconds=2.454
DONE fair_v3_balanced_ofdm_training_OFDM_s20262305_p-10_Nd1501 models=3 seconds=2.477
DONE fair_v3_balanced_ofdm_training_OFDM_s20262305_p-06_Nd1501 models=3 seconds=2.490
DONE fair_v3_balanced_ofdm_training_OFDM_s20262305_p-03_Nd1501 models=3 seconds=2.525
DONE fair_v3_balanced_ofdm_training_OFDM_s20262305_p+00_Nd1501 models=3 seconds=2.475
DONE fair_v3_balanced_ofdm_training_OFDM_s20262305_p+03_Nd1501 models=3 seconds=2.487
DONE fair_v3_balanced_ofdm_training_OFDM_s20262305_p+06_Nd1501 models=3 seconds=2.476
DONE fair_v3_balanced_ofdm_training_OFDM_s20262405_p-15_Nd1501 models=3 seconds=2.496
DONE fair_v3_balanced_ofdm_training_OFDM_s20262405_p-10_Nd1501 models=3 seconds=2.492
DONE fair_v3_balanced_ofdm_training_OFDM_s20262405_p-06_Nd1501 models=3 seconds=2.494
DONE fair_v3_balanced_ofdm_training_OFDM_s20262405_p-03_Nd1501 models=3 seconds=2.500
DONE fair_v3_balanced_ofdm_training_OFDM_s20262405_p+00_Nd1501 models=3 seconds=2.513
