{'case': 'A_lowpower_QPSK_m10', 'modulation': 'QPSK', 'seed': 20262003, 'Pavg_over_P1dB_dB': -10, 'Nd': 3001, 'Nd_retained_within_3sigma': 2571, 'AIR': 1.9155318748438899, 'AIR_ref_m6dB': 1.9167721088877605, 'AIR_loss_vs_m6dB': 0.001240234043870636, 'relative_AIR_loss_pct': 0.06470430355908627, 'EVM': 0.4647927297929064, 'SER': 0.017699115044247787, 'output_AC_RMS': 0.00012892050675374927, 'probe_AC_NMSE_vs_top': 0.0, 'baseband_NMSE_vs_top': 0.0, 'runtime_s': 5.724126490999879}
{'case': 'A_lowpower_QPSK_m10', 'modulation': 'QPSK', 'seed': 20262003, 'Pavg_over_P1dB_dB': -10, 'Nd': 2001, 'Nd_retained_within_3sigma': 1713, 'AIR': 1.9203066943297173, 'AIR_ref_m6dB': 1.9203019029443924, 'AIR_loss_vs_m6dB': -4.79138532494261e-06, 'relative_AIR_loss_pct': -0.00024951208544843887, 'EVM': 0.46255968642730305, 'SER': 0.02359882005899705, 'output_AC_RMS': 0.00012893995932622255, 'probe_AC_NMSE_vs_top': 0.0006558582937736205, 'baseband_NMSE_vs_top': 0.0013293676278766273, 'runtime_s': 4.377033386000221}
{'case': 'A_lowpower_QPSK_m10', 'modulation': 'QPSK', 'seed': 20262003, 'Pavg_over_P1dB_dB': -10, 'Nd': 1501, 'Nd_retained_within_3sigma': 1285, 'AIR': 1.907982517288681, 'AIR_ref_m6dB': 1.903754807711699, 'AIR_loss_vs_m6dB': -0.004227709576982042, 'relative_AIR_loss_pct': -0.22207216810991123, 'EVM': 0.4711839441006976, 'SER': 0.032448377581120944, 'output_AC_RMS': 0.00012898464976914014, 'probe_AC_NMSE_vs_top': 0.0022485410133411487, 'baseband_NMSE_vs_top': 0.004534866289880858, 'runtime_s': 3.7024650540006405}
{'case': 'A_lowpower_QPSK_m10', 'modulation': 'QPSK', 'seed': 20262003, 'Pavg_over_P1dB_dB': -10, 'Nd': 1001, 'Nd_retained_within_3sigma': 857, 'AIR': 1.8688466554489356, 'AIR_ref_m6dB': 1.8630982745101454, 'AIR_loss_vs_m6dB': -0.005748380938790154, 'relative_AIR_loss_pct': -0.3085387935481581, 'EVM': 0.49370065782089784, 'SER': 0.035398230088495575, 'output_AC_RMS': 0.00012968489021625894, 'probe_AC_NMSE_vs_top': 0.009228400764651106, 'baseband_NMSE_vs_top': 0.01812486276001837, 'runtime_s': 3.371790074999808}
{'case': 'A_lowpower_QPSK_m10', 'modulation': 'QPSK', 'seed': 20262003, 'Pavg_over_P1dB_dB': -10, 'Nd': 751, 'Nd_retained_within_3sigma': 643, 'AIR': 1.8302696364425506, 'AIR_ref_m6dB': 1.8211647364711911, 'AIR_loss_vs_m6dB': -0.009104899971359437, 'relative_AIR_loss_pct': -0.49994927910814324, 'EVM': 0.5177566834733928, 'SER': 0.04424778761061947, 'output_AC_RMS': 0.00013195152158884197, 'probe_AC_NMSE_vs_top': 0.019815674704654403, 'baseband_NMSE_vs_top': 0.036722677526384764, 'runtime_s': 2.9437206130005507}
+++> CUDA launched with Nv=2571, Nrk=204.00 k	64-bit system.
+++> GPU memory: free = 32.43 GB, total = 34.19 GB
+++> Chunk limit set to 347k RK4 steps per chunk.
+++> Chunk 1/1 uploaded with Nrk=204.00 k, output buffers 18057.05 MB
+++> C++ Computation time: 0.00 seconds
+++> Memory time: 0.39 seconds
+++> Total CUDA time: 2.42 seconds: (RK: 1.55, Interp: 0.38, Combine: 0.49)
+++> CUDA launched with Nv=2571, Nrk=204.00 k	64-bit system.
+++> GPU memory: free = 32.43 GB, total = 34.19 GB
+++> Chunk limit set to 347k RK4 steps per chunk.
+++> Chunk 1/1 uploaded with Nrk=204.00 k, output buffers 18057.05 MB
+++> C++ Computation time: 0.00 seconds
+++> Memory time: 0.35 seconds
+++> Total CUDA time: 2.42 seconds: (RK: 1.55, Interp: 0.38, Combine: 0.49)
+++> CUDA launched with Nv=1713, Nrk=204.00 k	64-bit system.
+++> GPU memory: free = 32.43 GB, total = 34.19 GB
+++> Chunk limit set to 500k RK4 steps per chunk.
+++> Chunk 1/1 uploaded with Nrk=204.00 k, output buffers 12031.40 MB
+++> C++ Computation time: 0.00 seconds
+++> Memory time: 0.23 seconds
+++> Total CUDA time: 2.27 seconds: (RK: 1.56, Interp: 0.38, Combine: 0.33)
+++> CUDA launched with Nv=1713, Nrk=204.00 k	64-bit system.
+++> GPU memory: free = 32.43 GB, total = 34.19 GB
+++> Chunk limit set to 500k RK4 steps per chunk.
+++> Chunk 1/1 uploaded with Nrk=204.00 k, output buffers 12031.40 MB
+++> C++ Computation time: 0.00 seconds
+++> Memory time: 0.24 seconds
+++> Total CUDA time: 2.25 seconds: (RK: 1.55, Interp: 0.38, Combine: 0.33)
+++> CUDA launched with Nv=1285, Nrk=204.00 k	64-bit system.
+++> GPU memory: free = 32.43 GB, total = 34.19 GB
+++> Chunk limit set to 500k RK4 steps per chunk.
+++> Chunk 1/1 uploaded with Nrk=204.00 k, output buffers 9027.95 MB
+++> C++ Computation time: 0.00 seconds
+++> Memory time: 0.18 seconds
+++> Total CUDA time: 2.19 seconds: (RK: 1.57, Interp: 0.38, Combine: 0.25)
+++> CUDA launched with Nv=1285, Nrk=204.00 k	64-bit system.
+++> GPU memory: free = 32.43 GB, total = 34.19 GB
+++> Chunk limit set to 500k RK4 steps per chunk.
+++> Chunk 1/1 uploaded with Nrk=204.00 k, output buffers 9027.95 MB
+++> C++ Computation time: 0.00 seconds
+++> Memory time: 0.19 seconds
+++> Total CUDA time: 2.19 seconds: (RK: 1.57, Interp: 0.38, Combine: 0.25)
+++> CUDA launched with Nv=857, Nrk=204.00 k	64-bit system.
+++> GPU memory: free = 32.43 GB, total = 34.19 GB
+++> Chunk limit set to 500k RK4 steps per chunk.
+++> Chunk 1/1 uploaded with Nrk=204.00 k, output buffers 6024.51 MB
+++> C++ Computation time: 0.00 seconds
+++> Memory time: 0.13 seconds
+++> Total CUDA time: 2.14 seconds: (RK: 1.60, Interp: 0.38, Combine: 0.16)
+++> CUDA launched with Nv=857, Nrk=204.00 k	64-bit system.
+++> GPU memory: free = 32.43 GB, total = 34.19 GB
+++> Chunk limit set to 500k RK4 steps per chunk.
+++> Chunk 1/1 uploaded with Nrk=204.00 k, output buffers 6024.51 MB
+++> C++ Computation time: 0.00 seconds
+++> Memory time: 0.12 seconds
+++> Total CUDA time: 2.19 seconds: (RK: 1.63, Interp: 0.39, Combine: 0.17)
+++> CUDA launched with Nv=643, Nrk=204.00 k	64-bit system.
+++> GPU memory: free = 32.43 GB, total = 34.19 GB
+++> Chunk limit set to 500k RK4 steps per chunk.
+++> Chunk 1/1 uploaded with Nrk=204.00 k, output buffers 4522.79 MB
+++> C++ Computation time: 0.00 seconds
+++> Memory time: 0.09 seconds
+++> Total CUDA time: 2.13 seconds: (RK: 1.62, Interp: 0.38, Combine: 0.13)
+++> CUDA launched with Nv=643, Nrk=204.00 k	64-bit system.
+++> GPU memory: free = 32.43 GB, total = 34.19 GB
+++> Chunk limit set to 500k RK4 steps per chunk.
+++> Chunk 1/1 uploaded with Nrk=204.00 k, output buffers 4522.79 MB
+++> C++ Computation time: 0.00 seconds
+++> Memory time: 0.09 seconds
+++> Total CUDA time: 2.11 seconds: (RK: 1.62, Interp: 0.37, Combine: 0.12)
+++> CUDA launched with Nv=2571, Nrk=204.00 k	64-bit system.
+++> GPU memory: free = 32.43 GB, total = 34.19 GB
+++> Chunk limit set to 347k RK4 steps per chunk.
+++> Chunk 1/1 uploaded with Nrk=204.00 k, output buffers 18057.05 MB
+++> C++ Computation time: 0.00 seconds
+++> Memory time: 0.38 seconds
+++> Total CU{'case': 'B_P1dB_OFDM_0', 'modulation': 'OFDM', 'seed': 20262005, 'Pavg_over_P1dB_dB': 0, 'Nd': 3001, 'Nd_retained_within_3sigma': 2571, 'AIR': 1.9551316043240772, 'AIR_ref_m6dB': 2.0, 'AIR_loss_vs_m6dB': 0.04486839567592282, 'relative_AIR_loss_pct': 2.243419783796141, 'EVM': 0.3353277789682194, 'SER': 0.008823529411764706, 'output_AC_RMS': 0.00025319261298161936, 'probe_AC_NMSE_vs_top': 0.0, 'baseband_NMSE_vs_top': 0.0, 'runtime_s': 5.649333321000086}
{'case': 'B_P1dB_OFDM_0', 'modulation': 'OFDM', 'seed': 20262005, 'Pavg_over_P1dB_dB': 0, 'Nd': 2001, 'Nd_retained_within_3sigma': 1713, 'AIR': 1.9707604019885006, 'AIR_ref_m6dB': 2.0, 'AIR_loss_vs_m6dB': 0.029239598011499446, 'relative_AIR_loss_pct': 1.4619799005749723, 'EVM': 0.33671195361097556, 'SER': 0.0058823529411764705, 'output_AC_RMS': 0.0002534264052205723, 'probe_AC_NMSE_vs_top': 0.0014164712463917272, 'baseband_NMSE_vs_top': 0.0017904475789338931, 'runtime_s': 4.498048344999916}
{'case': 'B_P1dB_OFDM_0', 'modulation': 'OFDM', 'seed': 20262005, 'Pavg_over_P1dB_dB': 0, 'Nd': 1501, 'Nd_retained_within_3sigma': 1285, 'AIR': 1.9397088325430953, 'AIR_ref_m6dB': 2.0, 'AIR_loss_vs_m6dB': 0.06029116745690466, 'relative_AIR_loss_pct': 3.014558372845233, 'EVM': 0.3441086358841262, 'SER': 0.0058823529411764705, 'output_AC_RMS': 0.00025467963702024873, 'probe_AC_NMSE_vs_top': 0.005630354689784217, 'baseband_NMSE_vs_top': 0.006752851266529724, 'runtime_s': 3.9362606240001696}
{'case': 'B_P1dB_OFDM_0', 'modulation': 'OFDM', 'seed': 20262005, 'Pavg_over_P1dB_dB': 0, 'Nd': 1001, 'Nd_retained_within_3sigma': 857, 'AIR': 1.9564143054950076, 'AIR_ref_m6dB': 2.0, 'AIR_loss_vs_m6dB': 0.04358569450499239, 'relative_AIR_loss_pct': 2.1792847252496195, 'EVM': 0.3603201159070194, 'SER': 0.011764705882352941, 'output_AC_RMS': 0.00025637290771878565, 'probe_AC_NMSE_vs_top': 0.02671255282996979, 'baseband_NMSE_vs_top': 0.02943529194719037, 'runtime_s': 3.1673001669996665}
{'case': 'B_P1dB_OFDM_0', 'modulation': 'OFDM', 'seed': 20262005, 'Pavg_over_P1dB_dB': 0, 'Nd': 751, 'Nd_retained_within_3sigma': 643, 'AIR': 1.919428763881726, 'AIR_ref_m6dB': 1.9999999999658564, 'AIR_loss_vs_m6dB': 0.08057123608413042, 'relative_AIR_loss_pct': 4.028561804275295, 'EVM': 0.3890561284099768, 'SER': 0.01764705882352941, 'output_AC_RMS': 0.0002718320086877492, 'probe_AC_NMSE_vs_top': 0.06495710771334734, 'baseband_NMSE_vs_top': 0.05908474468482663, 'runtime_s': 2.9139473590003035}
DA time: 2.56 seconds: (RK: 1.64, Interp: 0.40, Combine: 0.52)
+++> CUDA launched with Nv=2571, Nrk=204.00 k	64-bit system.
+++> GPU memory: free = 32.43 GB, total = 34.19 GB
+++> Chunk limit set to 347k RK4 steps per chunk.
+++> Chunk 1/1 uploaded with Nrk=204.00 k, output buffers 18057.05 MB
+++> C++ Computation time: 0.00 seconds
+++> Memory time: 0.38 seconds
+++> Total CUDA time: 2.40 seconds: (RK: 1.59, Interp: 0.34, Combine: 0.48)
+++> CUDA launched with Nv=1713, Nrk=204.00 k	64-bit system.
+++> GPU memory: free = 32.43 GB, total = 34.19 GB
+++> Chunk limit set to 500k RK4 steps per chunk.
+++> Chunk 1/1 uploaded with Nrk=204.00 k, output buffers 12031.40 MB
+++> C++ Computation time: 0.00 seconds
+++> Memory time: 0.25 seconds
+++> Total CUDA time: 2.39 seconds: (RK: 1.65, Interp: 0.40, Combine: 0.35)
+++> CUDA launched with Nv=1713, Nrk=204.00 k	64-bit system.
+++> GPU memory: free = 32.43 GB, total = 34.19 GB
+++> Chunk limit set to 500k RK4 steps per chunk.
+++> Chunk 1/1 uploaded with Nrk=204.00 k, output buffers 12031.40 MB
+++> C++ Computation time: 0.00 seconds
+++> Memory time: 0.24 seconds
+++> Total CUDA time: 2.40 seconds: (RK: 1.65, Interp: 0.40, Combine: 0.35)
+++> CUDA launched with Nv=1285, Nrk=204.00 k	64-bit system.
+++> GPU memory: free = 32.43 GB, total = 34.19 GB
+++> Chunk limit set to 500k RK4 steps per chunk.
+++> Chunk 1/1 uploaded with Nrk=204.00 k, output buffers 9027.95 MB
+++> C++ Computation time: 0.00 seconds
+++> Memory time: 0.21 seconds
+++> Total CUDA time: 2.30 seconds: (RK: 1.64, Interp: 0.40, Combine: 0.26)
+++> CUDA launched with Nv=1285, Nrk=204.00 k	64-bit system.
+++> GPU memory: free = 32.43 GB, total = 34.19 GB
+++> Chunk limit set to 500k RK4 steps per chunk.
+++> Chunk 1/1 uploaded with Nrk=204.00 k, output buffers 9027.95 MB
+++> C++ Computation time: 0.00 seconds
+++> Memory time: 0.18 seconds
+++> Total CUDA time: 2.30 seconds: (RK: 1.65, Interp: 0.39, Combine: 0.26)
+++> CUDA launched with Nv=857, Nrk=204.00 k	64-bit system.
+++> GPU memory: free = 32.43 GB, total = 34.19 GB
+++> Chunk limit set to 500k RK4 steps per chunk.
+++> Chunk 1/1 uploaded with Nrk=204.00 k, output buffers 6024.51 MB
+++> C++ Computation time: 0.00 seconds
+++> Memory time: 0.12 seconds
+++> Total CUDA time: 2.07 seconds: (RK: 1.55, Interp: 0.36, Combine: 0.16)
+++> CUDA launched with Nv=857, Nrk=204.00 k	64-bit system.
+++> GPU memory: free = 32.43 GB, total = 34.19 GB
+++> Chunk limit set to 500k RK4 steps per chunk.
+++> Chunk 1/1 uploaded with Nrk=204.00 k, output buffers 6024.51 MB
+++> C++ Computation time: 0.00 seconds
+++> Memory time: 0.14 seconds
+++> Total CUDA time: 2.04 seconds: (RK: 1.51, Interp: 0.37, Combine: 0.16)
+++> CUDA launched with Nv=643, Nrk=204.00 k	64-bit system.
+++> GPU memory: free = 32.43 GB, total = 34.19 GB
+++> Chunk limit set to 500k RK4 steps per chunk.
+++> Chunk 1/1 uploaded with Nrk=204.00 k, output buffers 4522.79 MB
+++> C++ Computation time: 0.00 seconds
+++> Memory time: 0.10 seconds
+++> Total CUDA time: 2.00 seconds: (RK: 1.52, Interp: 0.36, Combine: 0.12)
+++> CUDA launched with Nv=643, Nrk=204.00 k	64-bit system.
+++> GPU memory: free = 32.43 GB, total = 34.19 GB
+++> Chunk limit set to 500k RK4 steps per chunk.
+++> Chunk 1/1 uploaded with Nrk=204.00 k, output buffers 4522.79 MB
+++> C++ Computation time: 0.00 seconds
+++> Memory time: 0.12 seconds
+++> Total CUDA time: 1.99 seconds: (RK: 1.53, Interp: 0.34, Combine: 0.11)
+++> CUDA launched with Nv=2571, Nrk=204.00 k	64-bit system.
+++> GPU memory: free = 32.43 GB, total = 34.19 GB
+++> Chunk limit set to 347k RK4 steps per chunk.
+++> Chunk 1/1 uploaded with Nrk=204.00 k, output buffers 18057.05 MB
+++> C++ Computation time: 0.00 seconds
+++> Memory time: 0.35 seconds
+++> Total CUDA time: 2.23 seconds: (RK: 1.42, Interp: 0.35, Combine: 0.47)
+++> CUDA launched with Nv=2571, Nrk=204.00 k	64-bit system.
+++> GPU memory: free = 32.43 GB, total = 34.19 GB
+++> Chunk limit set to 347k RK4 steps per chunk.
+++> Chunk 1/1 uploaded with Nrk=204.00 k, output buffers 18057.05 MB
+++> C++ Computation {'case': 'C_plus3_16QAM', 'modulation': '16QAM', 'seed': 20262004, 'Pavg_over_P1dB_dB': 3, 'Nd': 3001, 'Nd_retained_within_3sigma': 2571, 'AIR': 1.242884064889962, 'AIR_ref_m6dB': 2.2330734427463894, 'AIR_loss_vs_m6dB': 0.9901893778564275, 'relative_AIR_loss_pct': 44.34199784484578, 'EVM': 0.7301810063122729, 'SER': 0.7581120943952803, 'output_AC_RMS': 0.00046673577334577524, 'probe_AC_NMSE_vs_top': 0.0, 'baseband_NMSE_vs_top': 0.0, 'runtime_s': 5.186802559000171}
{'case': 'C_plus3_16QAM', 'modulation': '16QAM', 'seed': 20262004, 'Pavg_over_P1dB_dB': 3, 'Nd': 2001, 'Nd_retained_within_3sigma': 1713, 'AIR': 1.2354521479303895, 'AIR_ref_m6dB': 2.235280242794771, 'AIR_loss_vs_m6dB': 0.9998280948643814, 'relative_AIR_loss_pct': 44.72942925555931, 'EVM': 0.7343828159552559, 'SER': 0.7463126843657817, 'output_AC_RMS': 0.00046688007131181656, 'probe_AC_NMSE_vs_top': 0.0007118310935942902, 'baseband_NMSE_vs_top': 0.001937051776958265, 'runtime_s': 4.141055510000115}
{'case': 'C_plus3_16QAM', 'modulation': '16QAM', 'seed': 20262004, 'Pavg_over_P1dB_dB': 3, 'Nd': 1501, 'Nd_retained_within_3sigma': 1285, 'AIR': 1.2444714713206821, 'AIR_ref_m6dB': 2.231334431173606, 'AIR_loss_vs_m6dB': 0.9868629598529239, 'relative_AIR_loss_pct': 44.22747868117051, 'EVM': 0.7382115613466229, 'SER': 0.7669616519174042, 'output_AC_RMS': 0.00046760717262469355, 'probe_AC_NMSE_vs_top': 0.002858958360855824, 'baseband_NMSE_vs_top': 0.007256847129767244, 'runtime_s': 3.71503023600053}
{'case': 'C_plus3_16QAM', 'modulation': '16QAM', 'seed': 20262004, 'Pavg_over_P1dB_dB': 3, 'Nd': 1001, 'Nd_retained_within_3sigma': 857, 'AIR': 1.1503514419311123, 'AIR_ref_m6dB': 2.109329955230367, 'AIR_loss_vs_m6dB': 0.9589785132992548, 'relative_AIR_loss_pct': 45.463655931180355, 'EVM': 0.77082030251153, 'SER': 0.7463126843657817, 'output_AC_RMS': 0.00047189339019807375, 'probe_AC_NMSE_vs_top': 0.015381557040137698, 'baseband_NMSE_vs_top': 0.03404609587349679, 'runtime_s': 3.2773407730001054}
{'case': 'C_plus3_16QAM', 'modulation': '16QAM', 'seed': 20262004, 'Pavg_over_P1dB_dB': 3, 'Nd': 751, 'Nd_retained_within_3sigma': 643, 'AIR': 1.1093097253031239, 'AIR_ref_m6dB': 2.0506578285556607, 'AIR_loss_vs_m6dB': 0.9413481032525368, 'relative_AIR_loss_pct': 45.904689224313756, 'EVM': 0.7862428746730015, 'SER': 0.7492625368731564, 'output_AC_RMS': 0.00048561626618452925, 'probe_AC_NMSE_vs_top': 0.03722310466445233, 'baseband_NMSE_vs_top': 0.06978988520210104, 'runtime_s': 2.7150985909993324}
{'case': 'D_strongest_QPSK_p6', 'modulation': 'QPSK', 'seed': 20262003, 'Pavg_over_P1dB_dB': 6, 'Nd': 3001, 'Nd_retained_within_3sigma': 2571, 'AIR': 0.8630375390813263, 'AIR_ref_m6dB': 1.9167721088877605, 'AIR_loss_vs_m6dB': 1.0537345698064342, 'relative_AIR_loss_pct': 54.97443148929591, 'EVM': 0.9657703794382643, 'SER': 0.36578171091445427, 'output_AC_RMS': 0.0004573116963513242, 'probe_AC_NMSE_vs_top': 0.0, 'baseband_NMSE_vs_top': 0.0, 'runtime_s': 5.3433721189994685}
{'case': 'D_strongest_QPSK_p6', 'modulation': 'QPSK', 'seed': 20262003, 'Pavg_over_P1dB_dB': 6, 'Nd': 2001, 'Nd_retained_within_3sigma': 1713, 'AIR': 0.8582147384229868, 'AIR_ref_m6dB': 1.9203019029443924, 'AIR_loss_vs_m6dB': 1.0620871645214056, 'relative_AIR_loss_pct': 55.308343073186094, 'EVM': 0.9690376213264577, 'SER': 0.36283185840707965, 'output_AC_RMS': 0.0004574506171048804, 'probe_AC_NMSE_vs_top': 0.0012106772031428563, 'baseband_NMSE_vs_top': 0.0023660397834600693, 'runtime_s': 4.200049101000332}
time: 0.00 seconds
+++> Memory time: 0.35 seconds
+++> Total CUDA time: 2.23 seconds: (RK: 1.44, Interp: 0.35, Combine: 0.45)
+++> CUDA launched with Nv=1713, Nrk=204.00 k	64-bit system.
+++> GPU memory: free = 32.43 GB, total = 34.19 GB
+++> Chunk limit set to 500k RK4 steps per chunk.
+++> Chunk 1/1 uploaded with Nrk=204.00 k, output buffers 12031.40 MB
+++> C++ Computation time: 0.00 seconds
+++> Memory time: 0.26 seconds
+++> Total CUDA time: 2.12 seconds: (RK: 1.45, Interp: 0.36, Combine: 0.30)
+++> CUDA launched with Nv=1713, Nrk=204.00 k	64-bit system.
+++> GPU memory: free = 32.43 GB, total = 34.19 GB
+++> Chunk limit set to 500k RK4 steps per chunk.
+++> Chunk 1/1 uploaded with Nrk=204.00 k, output buffers 12031.40 MB
+++> C++ Computation time: 0.00 seconds
+++> Memory time: 0.25 seconds
+++> Total CUDA time: 2.11 seconds: (RK: 1.45, Interp: 0.35, Combine: 0.31)
+++> CUDA launched with Nv=1285, Nrk=204.00 k	64-bit system.
+++> GPU memory: free = 32.43 GB, total = 34.19 GB
+++> Chunk limit set to 500k RK4 steps per chunk.
+++> Chunk 1/1 uploaded with Nrk=204.00 k, output buffers 9027.95 MB
+++> C++ Computation time: 0.00 seconds
+++> Memory time: 0.18 seconds
+++> Total CUDA time: 2.15 seconds: (RK: 1.54, Interp: 0.37, Combine: 0.24)
+++> CUDA launched with Nv=1285, Nrk=204.00 k	64-bit system.
+++> GPU memory: free = 32.43 GB, total = 34.19 GB
+++> Chunk limit set to 500k RK4 steps per chunk.
+++> Chunk 1/1 uploaded with Nrk=204.00 k, output buffers 9027.95 MB
+++> C++ Computation time: 0.00 seconds
+++> Memory time: 0.19 seconds
+++> Total CUDA time: 2.16 seconds: (RK: 1.53, Interp: 0.38, Combine: 0.25)
+++> CUDA launched with Nv=857, Nrk=204.00 k	64-bit system.
+++> GPU memory: free = 32.43 GB, total = 34.19 GB
+++> Chunk limit set to 500k RK4 steps per chunk.
+++> Chunk 1/1 uploaded with Nrk=204.00 k, output buffers 6024.51 MB
+++> C++ Computation time: 0.00 seconds
+++> Memory time: 0.13 seconds
+++> Total CUDA time: 2.07 seconds: (RK: 1.54, Interp: 0.37, Combine: 0.16)
+++> CUDA launched with Nv=857, Nrk=204.00 k	64-bit system.
+++> GPU memory: free = 32.43 GB, total = 34.19 GB
+++> Chunk limit set to 500k RK4 steps per chunk.
+++> Chunk 1/1 uploaded with Nrk=204.00 k, output buffers 6024.51 MB
+++> C++ Computation time: 0.00 seconds
+++> Memory time: 0.13 seconds
+++> Total CUDA time: 1.97 seconds: (RK: 1.47, Interp: 0.35, Combine: 0.15)
+++> CUDA launched with Nv=643, Nrk=204.00 k	64-bit system.
+++> GPU memory: free = 32.43 GB, total = 34.19 GB
+++> Chunk limit set to 500k RK4 steps per chunk.
+++> Chunk 1/1 uploaded with Nrk=204.00 k, output buffers 4522.79 MB
+++> C++ Computation time: 0.00 seconds
+++> Memory time: 0.08 seconds
+++> Total CUDA time: 1.95 seconds: (RK: 1.49, Interp: 0.35, Combine: 0.11)
+++> CUDA launched with Nv=643, Nrk=204.00 k	64-bit system.
+++> GPU memory: free = 32.43 GB, total = 34.19 GB
+++> Chunk limit set to 500k RK4 steps per chunk.
+++> Chunk 1/1 uploaded with Nrk=204.00 k, output buffers 4522.79 MB
+++> C++ Computation time: 0.00 seconds
+++> Memory time: 0.09 seconds
+++> Total CUDA time: 1.87 seconds: (RK: 1.41, Interp: 0.34, Combine: 0.11)
+++> CUDA launched with Nv=2571, Nrk=204.00 k	64-bit system.
+++> GPU memory: free = 32.43 GB, total = 34.19 GB
+++> Chunk limit set to 347k RK4 steps per chunk.
+++> Chunk 1/1 uploaded with Nrk=204.00 k, output buffers 18057.05 MB
+++> C++ Computation time: 0.00 seconds
+++> Memory time: 0.38 seconds
+++> Total CUDA time: 2.28 seconds: (RK: 1.47, Interp: 0.35, Combine: 0.46)
+++> CUDA launched with Nv=1713, Nrk=204.00 k	64-bit system.
+++> GPU memory: free = 32.43 GB, total = 34.19 GB
+++> Chunk limit set to 500k RK4 steps per chunk.
+++> Chunk 1/1 uploaded with Nrk=204.00 k, output buffers 12031.40 MB
+++> C++ Computation time: 0.00 seconds
+++> Memory time: 0.24 seconds
+++> Total CUDA time: 2.13 seconds: (RK: 1.47, Interp: 0.35, Combine: 0.31)
+++> CUDA launched with Nv=1285, Nrk=204.00 k	64-bit system.
+++> GPU memory: free = 32.43 GB, total = 34.19 GB
+++> Chunk limit set to 500k RK4 steps per chunk.
+++> Chunk 1/1 uploaded with{'case': 'D_strongest_QPSK_p6', 'modulation': 'QPSK', 'seed': 20262003, 'Pavg_over_P1dB_dB': 6, 'Nd': 1501, 'Nd_retained_within_3sigma': 1285, 'AIR': 0.8639265086731095, 'AIR_ref_m6dB': 1.903754807711699, 'AIR_loss_vs_m6dB': 1.0398282990385894, 'relative_AIR_loss_pct': 54.61986463942047, 'EVM': 0.9685938453045144, 'SER': 0.35988200589970504, 'output_AC_RMS': 0.00045872231471271905, 'probe_AC_NMSE_vs_top': 0.004706268913999914, 'baseband_NMSE_vs_top': 0.008288715036007293, 'runtime_s': 3.2969144310000047}
{'case': 'D_strongest_QPSK_p6', 'modulation': 'QPSK', 'seed': 20262003, 'Pavg_over_P1dB_dB': 6, 'Nd': 1001, 'Nd_retained_within_3sigma': 857, 'AIR': 0.791503756693723, 'AIR_ref_m6dB': 1.8630982745101454, 'AIR_loss_vs_m6dB': 1.0715945178164223, 'relative_AIR_loss_pct': 57.516800507915825, 'EVM': 1.031776787514877, 'SER': 0.41002949852507375, 'output_AC_RMS': 0.0004659541198192091, 'probe_AC_NMSE_vs_top': 0.0260177047593968, 'baseband_NMSE_vs_top': 0.04056270913079758, 'runtime_s': 2.858036706000348}
{'case': 'D_strongest_QPSK_p6', 'modulation': 'QPSK', 'seed': 20262003, 'Pavg_over_P1dB_dB': 6, 'Nd': 751, 'Nd_retained_within_3sigma': 643, 'AIR': 0.7331995941546957, 'AIR_ref_m6dB': 1.8211647364711911, 'AIR_loss_vs_m6dB': 1.0879651423164955, 'relative_AIR_loss_pct': 59.740072961472364, 'EVM': 1.066471411621358, 'SER': 0.4277286135693215, 'output_AC_RMS': 0.000475974352965758, 'probe_AC_NMSE_vs_top': 0.06896703115643713, 'baseband_NMSE_vs_top': 0.09562179953670855, 'runtime_s': 2.6984048160002203}
{'case': 'E_stage05_dwell_pair', 'modulation': 'two-level', 'seed': 20260926, 'Pavg_over_P1dB_dB': -0.9, 'Nd': 3001, 'contrast_short': 6.921490969229991e-05, 'contrast_long': 0.0011266842669887657, 'pair_contrast_difference': 0.0010574693572964658, 'pair_contrast_difference_diff_vs_top': 0.0, 'baseband_NMSE_vs_top': 0.0}
{'case': 'E_stage05_dwell_pair', 'modulation': 'two-level', 'seed': 20260926, 'Pavg_over_P1dB_dB': -0.9, 'Nd': 2001, 'contrast_short': 6.575980851883477e-05, 'contrast_long': 0.001143471558301762, 'pair_contrast_difference': 0.0010777117497829272, 'pair_contrast_difference_diff_vs_top': 2.0242392486461477e-05, 'baseband_NMSE_vs_top': 0.0014609280701657875}
{'case': 'E_stage05_dwell_pair', 'modulation': 'two-level', 'seed': 20260926, 'Pavg_over_P1dB_dB': -0.9, 'Nd': 1501, 'contrast_short': 5.5535419150072136e-05, 'contrast_long': 0.0011613643840956856, 'pair_contrast_difference': 0.0011058289649456135, 'pair_contrast_difference_diff_vs_top': 4.8359607649147785e-05, 'baseband_NMSE_vs_top': 0.007486255893094977}
{'case': 'E_stage05_dwell_pair', 'modulation': 'two-level', 'seed': 20260926, 'Pavg_over_P1dB_dB': -0.9, 'Nd': 1001, 'contrast_short': 4.0501613981554824e-05, 'contrast_long': 0.0011523518768564987, 'pair_contrast_difference': 0.0011118502628749438, 'pair_contrast_difference_diff_vs_top': 5.4380905578478014e-05, 'baseband_NMSE_vs_top': 0.045367876350144325}
 Nrk=204.00 k, output buffers 9027.95 MB
+++> C++ Computation time: 0.00 seconds
+++> Memory time: 0.18 seconds
+++> Total CUDA time: 1.79 seconds: (RK: 1.27, Interp: 0.31, Combine: 0.20)
+++> CUDA launched with Nv=857, Nrk=204.00 k	64-bit system.
+++> GPU memory: free = 32.43 GB, total = 34.19 GB
+++> Chunk limit set to 500k RK4 steps per chunk.
+++> Chunk 1/1 uploaded with Nrk=204.00 k, output buffers 6024.51 MB
+++> C++ Computation time: 0.00 seconds
+++> Memory time: 0.13 seconds
+++> Total CUDA time: 1.80 seconds: (RK: 1.29, Interp: 0.35, Combine: 0.16)
+++> CUDA launched with Nv=643, Nrk=204.00 k	64-bit system.
+++> GPU memory: free = 32.43 GB, total = 34.19 GB
+++> Chunk limit set to 500k RK4 steps per chunk.
+++> Chunk 1/1 uploaded with Nrk=204.00 k, output buffers 4522.79 MB
+++> C++ Computation time: 0.00 seconds
+++> Memory time: 0.10 seconds
+++> Total CUDA time: 1.86 seconds: (RK: 1.42, Interp: 0.33, Combine: 0.11)
+++> CUDA launched with Nv=2571, Nrk=204.00 k	64-bit system.
+++> GPU memory: free = 32.43 GB, total = 34.19 GB
+++> Chunk limit set to 347k RK4 steps per chunk.
+++> Chunk 1/1 uploaded with Nrk=204.00 k, output buffers 18057.05 MB
+++> C++ Computation time: 0.00 seconds
+++> Memory time: 0.36 seconds
+++> Total CUDA time: 1.98 seconds: (RK: 1.26, Interp: 0.31, Combine: 0.40)
+++> CUDA launched with Nv=2571, Nrk=204.00 k	64-bit system.
+++> GPU memory: free = 32.43 GB, total = 34.19 GB
+++> Chunk limit set to 347k RK4 steps per chunk.
+++> Chunk 1/1 uploaded with Nrk=204.00 k, output buffers 18057.05 MB
+++> C++ Computation time: 0.00 seconds
+++> Memory time: 0.37 seconds
+++> Total CUDA time: 2.21 seconds: (RK: 1.41, Interp: 0.35, Combine: 0.45)
+++> CUDA launched with Nv=1713, Nrk=204.00 k	64-bit system.
+++> GPU memory: free = 32.43 GB, total = 34.19 GB
+++> Chunk limit set to 500k RK4 steps per chunk.
+++> Chunk 1/1 uploaded with Nrk=204.00 k, output buffers 12031.40 MB
+++> C++ Computation time: 0.00 seconds
+++> Memory time: 0.25 seconds
+++> Total CUDA time: 2.06 seconds: (RK: 1.41, Interp: 0.35, Combine: 0.30)
+++> CUDA launched with Nv=1713, Nrk=204.00 k	64-bit system.
+++> GPU memory: free = 32.43 GB, total = 34.19 GB
+++> Chunk limit set to 500k RK4 steps per chunk.
+++> Chunk 1/1 uploaded with Nrk=204.00 k, output buffers 12031.40 MB
+++> C++ Computation time: 0.00 seconds
+++> Memory time: 0.24 seconds
+++> Total CUDA time: 2.06 seconds: (RK: 1.42, Interp: 0.35, Combine: 0.30)
+++> CUDA launched with Nv=1285, Nrk=204.00 k	64-bit system.
+++> GPU memory: free = 32.43 GB, total = 34.19 GB
+++> Chunk limit set to 500k RK4 steps per chunk.
+++> Chunk 1/1 uploaded with Nrk=204.00 k, output buffers 9027.95 MB
+++> C++ Computation time: 0.00 seconds
+++> Memory time: 0.19 seconds
+++> Total CUDA time: 1.98 seconds: (RK: 1.42, Interp: 0.35, Combine: 0.22)
+++> CUDA launched with Nv=1285, Nrk=204.00 k	64-bit system.
+++> GPU memory: free = 32.43 GB, total = 34.19 GB
+++> Chunk limit set to 500k RK4 steps per chunk.
+++> Chunk 1/1 uploaded with Nrk=204.00 k, output buffers 9027.95 MB
+++> C++ Computation time: 0.00 seconds
+++> Memory time: 0.20 seconds
+++> Total CUDA time: 1.94 seconds: (RK: 1.37, Interp: 0.34, Combine: 0.22)
+++> CUDA launched with Nv=857, Nrk=204.00 k	64-bit system.
+++> GPU memory: free = 32.43 GB, total = 34.19 GB
+++> Chunk limit set to 500k RK4 steps per chunk.
+++> Chunk 1/1 uploaded with Nrk=204.00 k, output buffers 6024.51 MB
+++> C++ Computation time: 0.00 seconds
+++> Memory time: 0.12 seconds
+++> Total CUDA time: 1.86 seconds: (RK: 1.37, Interp: 0.34, Combine: 0.15)
+++> CUDA launched with Nv=857, Nrk=204.00 k	64-bit system.
+++> GPU memory: free = 32.43 GB, total = 34.19 GB
+++> Chunk limit set to 500k RK4 steps per chunk.
+++> Chunk 1/1 uploaded with Nrk=204.00 k, output buffers 6024.51 MB
+++> C++ Computation time: 0.00 seconds
+++> Memory time: 0.11 seconds
+++> Total CUDA time: 1.88 seconds: (RK: 1.41, Interp: 0.33, Combine: 0.14)
+++> CUDA launched with Nv=643, Nrk=204.00 k	64-bit system.
+++> GPU memory: free = 32.43 GB, total = 34.19 GB
+++> Chunk limit {'case': 'E_stage05_dwell_pair', 'modulation': 'two-level', 'seed': 20260926, 'Pavg_over_P1dB_dB': -0.9, 'Nd': 751, 'contrast_short': 0.00010601380115746012, 'contrast_long': 0.0011547818316959629, 'pair_contrast_difference': 0.0010487680305385028, 'pair_contrast_difference_diff_vs_top': -8.701326757962983e-06, 'baseband_NMSE_vs_top': 0.033173762112866066}
set to 500k RK4 steps per chunk.
+++> Chunk 1/1 uploaded with Nrk=204.00 k, output buffers 4522.79 MB
+++> C++ Computation time: 0.00 seconds
+++> Memory time: 0.10 seconds
+++> Total CUDA time: 1.89 seconds: (RK: 1.43, Interp: 0.35, Combine: 0.11)
+++> CUDA launched with Nv=643, Nrk=204.00 k	64-bit system.
+++> GPU memory: free = 32.43 GB, total = 34.19 GB
+++> Chunk limit set to 500k RK4 steps per chunk.
+++> Chunk 1/1 uploaded with Nrk=204.00 k, output buffers 4522.79 MB
+++> C++ Computation time: 0.00 seconds
+++> Memory time: 0.09 seconds
+++> Total CUDA time: 1.92 seconds: (RK: 1.46, Interp: 0.34, Combine: 0.12)
