CW 8001 0.0 6.9478387568190965e-12
CW 8001 0.005 1.7600538444374984e-05
CW 8001 0.01 3.514387195341801e-05
CW 8001 0.02 6.981441744146352e-05
CW 8001 0.03 0.00010354968953539949
CW 8001 0.04 0.00013593182288108694
CW 8001 0.05 0.00016657930189814242
CW 8001 0.06 0.00019515356324102396
CW 8001 0.07 0.0002213402281466874
CW 8001 0.08 0.0002448374978529088
+++> CUDA launched with Nv=6857, Nrk=80.00 k	64-bit system.
+++> GPU memory: free = 32.43 GB, total = 34.19 GB
+++> Chunk limit set to 130k RK4 steps per chunk.
+++> Chunk 1/1 uploaded with Nrk=80.00 k, output buffers 18881.48 MB
+++> C++ Computation time: 0.00 seconds
+++> Memory time: 1.30 seconds
+++> Total CUDA time: 1.70 seconds: (RK: 0.50, Interp: 0.12, Combine: 1.08)
+++> CUDA launched with Nv=6857, Nrk=80.00 k	64-bit system.
+++> GPU memory: free = 32.43 GB, total = 34.19 GB
+++> Chunk limit set to 130k RK4 steps per chunk.
+++> Chunk 1/1 uploaded with Nrk=80.00 k, output buffers 18881.48 MB
+++> C++ Computation time: 0.00 seconds
+++> Memory time: 1.17 seconds
+++> Total CUDA time: 1.69 seconds: (RK: 0.49, Interp: 0.12, Combine: 1.08)
+++> CUDA launched with Nv=6857, Nrk=80.00 k	64-bit system.
+++> GPU memory: free = 32.43 GB, total = 34.19 GB
+++> Chunk limit set to 130k RK4 steps per chunk.
+++> Chunk 1/1 uploaded with Nrk=80.00 k, output buffers 18881.48 MB
+++> C++ Computation time: 0.00 seconds
+++> Memory time: 1.08 seconds
+++> Total CUDA time: 1.70 seconds: (RK: 0.50, Interp: 0.12, Combine: 1.08)
+++> CUDA launched with Nv=6857, Nrk=80.00 k	64-bit system.
+++> GPU memory: free = 32.43 GB, total = 34.19 GB
+++> Chunk limit set to 130k RK4 steps per chunk.
+++> Chunk 1/1 uploaded with Nrk=80.00 k, output buffers 18881.48 MB
+++> C++ Computation time: 0.00 seconds
+++> Memory time: 1.12 seconds
+++> Total CUDA time: 1.69 seconds: (RK: 0.50, Interp: 0.12, Combine: 1.08)
+++> CUDA launched with Nv=6857, Nrk=80.00 k	64-bit system.
+++> GPU memory: free = 32.43 GB, total = 34.19 GB
+++> Chunk limit set to 130k RK4 steps per chunk.
+++> Chunk 1/1 uploaded with Nrk=80.00 k, output buffers 18881.48 MB
+++> C++ Computation time: 0.00 seconds
+++> Memory time: 1.09 seconds
+++> Total CUDA time: 1.70 seconds: (RK: 0.50, Interp: 0.12, Combine: 1.08)
+++> CUDA launched with Nv=6857, Nrk=80.00 k	64-bit system.
+++> GPU memory: free = 32.43 GB, total = 34.19 GB
+++> Chunk limit set to 130k RK4 steps per chunk.
+++> Chunk 1/1 uploaded with Nrk=80.00 k, output buffers 18881.48 MB
+++> C++ Computation time: 0.00 seconds
+++> Memory time: 1.09 seconds
+++> Total CUDA time: 1.69 seconds: (RK: 0.49, Interp: 0.12, Combine: 1.08)
+++> CUDA launched with Nv=6857, Nrk=80.00 k	64-bit system.
+++> GPU memory: free = 32.43 GB, total = 34.19 GB
+++> Chunk limit set to 130k RK4 steps per chunk.
+++> Chunk 1/1 uploaded with Nrk=80.00 k, output buffers 18881.48 MB
+++> C++ Computation time: 0.00 seconds
+++> Memory time: 1.18 seconds
+++> Total CUDA time: 1.69 seconds: (RK: 0.49, Interp: 0.12, Combine: 1.08)
+++> CUDA launched with Nv=6857, Nrk=80.00 k	64-bit system.
+++> GPU memory: free = 32.43 GB, total = 34.19 GB
+++> Chunk limit set to 130k RK4 steps per chunk.
+++> Chunk 1/1 uploaded with Nrk=80.00 k, output buffers 18881.48 MB
+++> C++ Computation time: 0.00 seconds
+++> Memory time: 1.10 seconds
+++> Total CUDA time: 1.70 seconds: (RK: 0.49, Interp: 0.12, Combine: 1.08)
+++> CUDA launched with Nv=6857, Nrk=80.00 k	64-bit system.
+++> GPU memory: free = 32.43 GB, total = 34.19 GB
+++> Chunk limit set to 130k RK4 steps per chunk.
+++> Chunk 1/1 uploaded with Nrk=80.00 k, output buffers 18881.48 MB
+++> C++ Computation time: 0.00 seconds
+++> Memory time: 1.08 seconds
+++> Total CUDA time: 1.70 seconds: (RK: 0.49, Interp: 0.12, Combine: 1.08)
+++> CUDA launched with Nv=6857, Nrk=80.00 k	64-bit system.
+++> GPU memory: free = 32.43 GB, total = 34.19 GB
+++> Chunk limit set to 130k RK4 steps per chunk.
+++> Chunk 1/1 uploaded with Nrk=80.00 k, output buffers 18881.48 MB
+++> C++ Computation time: 0.00 seconds
+++> Memory time: 1.03 seconds
+++> Total CUDA time: 1.70 seconds: (RK: 0.49, Interp: 0.12, Combine: 1.08)
+++> CUDA launched with Nv=6857, Nrk=80.00 k	64-bit system.
+++> GPU memory: free = 32.43 GB, total = 34.19 GB
+++> Chunk limit set to 130k RK4 steps per chunk.
+++> Chunk 1/1 uploaded with Nrk=80.00 k, output buffers 18881.48 MB
+++> C++ Computation time: 0.00 seconds
+++> Memory time: 1.06 seconds
+++> Total CUDA time: 1.7CW 8001 0.085 0.000255479071855756
CW 8001 0.09 0.00026533090931138615
CW 8001 0.095 0.0002743473966968657
CW 8001 0.1 0.0002824879062322422
CW 8001 0.11 0.0002959473407071568
CW 8001 0.12 0.00030533363507709136
CW 8001 0.13 0.0003102766164299906
CW 8001 0.14 0.0003105248888930608
CW 8001 0.15 0.0003060472881752065
CW 8001 0.17 0.00028465459870911675
CW 8001 0.2 0.00023744811303915515
0 seconds: (RK: 0.49, Interp: 0.12, Combine: 1.08)
+++> CUDA launched with Nv=6857, Nrk=80.00 k	64-bit system.
+++> GPU memory: free = 32.43 GB, total = 34.19 GB
+++> Chunk limit set to 130k RK4 steps per chunk.
+++> Chunk 1/1 uploaded with Nrk=80.00 k, output buffers 18881.48 MB
+++> C++ Computation time: 0.00 seconds
+++> Memory time: 1.07 seconds
+++> Total CUDA time: 1.69 seconds: (RK: 0.50, Interp: 0.12, Combine: 1.08)
+++> CUDA launched with Nv=6857, Nrk=80.00 k	64-bit system.
+++> GPU memory: free = 32.43 GB, total = 34.19 GB
+++> Chunk limit set to 130k RK4 steps per chunk.
+++> Chunk 1/1 uploaded with Nrk=80.00 k, output buffers 18881.48 MB
+++> C++ Computation time: 0.00 seconds
+++> Memory time: 1.02 seconds
+++> Total CUDA time: 1.70 seconds: (RK: 0.50, Interp: 0.12, Combine: 1.08)
+++> CUDA launched with Nv=6857, Nrk=80.00 k	64-bit system.
+++> GPU memory: free = 32.43 GB, total = 34.19 GB
+++> Chunk limit set to 130k RK4 steps per chunk.
+++> Chunk 1/1 uploaded with Nrk=80.00 k, output buffers 18881.48 MB
+++> C++ Computation time: 0.00 seconds
+++> Memory time: 0.98 seconds
+++> Total CUDA time: 1.70 seconds: (RK: 0.50, Interp: 0.12, Combine: 1.08)
+++> CUDA launched with Nv=6857, Nrk=80.00 k	64-bit system.
+++> GPU memory: free = 32.43 GB, total = 34.19 GB
+++> Chunk limit set to 130k RK4 steps per chunk.
+++> Chunk 1/1 uploaded with Nrk=80.00 k, output buffers 18881.48 MB
+++> C++ Computation time: 0.00 seconds
+++> Memory time: 1.05 seconds
+++> Total CUDA time: 1.69 seconds: (RK: 0.49, Interp: 0.12, Combine: 1.08)
+++> CUDA launched with Nv=6857, Nrk=80.00 k	64-bit system.
+++> GPU memory: free = 32.43 GB, total = 34.19 GB
+++> Chunk limit set to 130k RK4 steps per chunk.
+++> Chunk 1/1 uploaded with Nrk=80.00 k, output buffers 18881.48 MB
+++> C++ Computation time: 0.00 seconds
+++> Memory time: 1.07 seconds
+++> Total CUDA time: 1.70 seconds: (RK: 0.50, Interp: 0.12, Combine: 1.08)
+++> CUDA launched with Nv=6857, Nrk=80.00 k	64-bit system.
+++> GPU memory: free = 32.43 GB, total = 34.19 GB
+++> Chunk limit set to 130k RK4 steps per chunk.
+++> Chunk 1/1 uploaded with Nrk=80.00 k, output buffers 18881.48 MB
+++> C++ Computation time: 0.00 seconds
+++> Memory time: 1.21 seconds
+++> Total CUDA time: 3.19 seconds: (RK: 0.59, Interp: 0.79, Combine: 1.81)
+++> CUDA launched with Nv=6857, Nrk=80.00 k	64-bit system.
+++> GPU memory: free = 32.43 GB, total = 34.19 GB
+++> Chunk limit set to 130k RK4 steps per chunk.
+++> Chunk 1/1 uploaded with Nrk=80.00 k, output buffers 18881.48 MB
+++> C++ Computation time: 0.00 seconds
+++> Memory time: 0.95 seconds
+++> Total CUDA time: 2.58 seconds: (RK: 1.17, Interp: 0.14, Combine: 1.26)
+++> CUDA launched with Nv=6857, Nrk=80.00 k	64-bit system.
+++> GPU memory: free = 32.43 GB, total = 34.19 GB
+++> Chunk limit set to 130k RK4 steps per chunk.
+++> Chunk 1/1 uploaded with Nrk=80.00 k, output buffers 18881.48 MB
+++> C++ Computation time: 0.00 seconds
+++> Memory time: 0.97 seconds
+++> Total CUDA time: 2.58 seconds: (RK: 0.65, Interp: 0.14, Combine: 1.79)
+++> CUDA launched with Nv=6857, Nrk=80.00 k	64-bit system.
+++> GPU memory: free = 32.43 GB, total = 34.19 GB
+++> Chunk limit set to 130k RK4 steps per chunk.
+++> Chunk 1/1 uploaded with Nrk=80.00 k, output buffers 18881.48 MB
+++> C++ Computation time: 0.00 seconds
+++> Memory time: 0.97 seconds
+++> Total CUDA time: 2.48 seconds: (RK: 1.13, Interp: 0.14, Combine: 1.20)
+++> CUDA launched with Nv=6857, Nrk=80.00 k	64-bit system.
+++> GPU memory: free = 32.43 GB, total = 34.19 GB
+++> Chunk limit set to 130k RK4 steps per chunk.
+++> Chunk 1/1 uploaded with Nrk=80.00 k, output buffers 18881.48 MB
+++> C++ Computation time: 0.00 seconds
+++> Memory time: 1.02 seconds
+++> Total CUDA time: 1.73 seconds: (RK: 0.50, Interp: 0.12, Combine: 1.11)
+++> CUDA launched with Nv=6857, Nrk=80.00 k	64-bit system.
+++> GPU memory: free = 32.43 GB, total = 34.19 GB
+++> Chunk limit set to 130k RK4 steps per chunk.
+++> Chunk 1/1 uploaded with Nrk=80.00 k, output buffers 18881.48 MB
+++> C++ Computation time: 0.00 seconds
+++> CW 8001 0.23 0.00020057892632745032
CW 8001 0.26 0.00019134363781088572
CW 8001 0.3 0.00022371226886088239
CW 8001 0.35 0.00030909750222682755
CW 8001 0.4 0.0003976752324817673
CW 8001 0.5 0.0003694962324927665
CW 8001 0.6 9.861762780273892e-05
CW 8001 0.7 0.00010955133792955005
E1dB 8001 0.07265224583563967 slope 0.0035172474421083988 settle 1.1438280627149978e-05 seconds 316.31975336899995
Memory time: 1.22 seconds
+++> Total CUDA time: 2.12 seconds: (RK: 0.50, Interp: 0.25, Combine: 1.37)
+++> CUDA launched with Nv=6857, Nrk=80.00 k	64-bit system.
+++> GPU memory: free = 32.43 GB, total = 34.19 GB
+++> Chunk limit set to 130k RK4 steps per chunk.
+++> Chunk 1/1 uploaded with Nrk=80.00 k, output buffers 18881.48 MB
+++> C++ Computation time: 0.00 seconds
+++> Memory time: 1.02 seconds
+++> Total CUDA time: 2.44 seconds: (RK: 1.07, Interp: 0.16, Combine: 1.21)
+++> CUDA launched with Nv=6857, Nrk=80.00 k	64-bit system.
+++> GPU memory: free = 32.43 GB, total = 34.19 GB
+++> Chunk limit set to 130k RK4 steps per chunk.
+++> Chunk 1/1 uploaded with Nrk=80.00 k, output buffers 18881.48 MB
+++> C++ Computation time: 0.00 seconds
+++> Memory time: 1.09 seconds
+++> Total CUDA time: 2.50 seconds: (RK: 1.05, Interp: 0.16, Combine: 1.28)
+++> CUDA launched with Nv=6857, Nrk=80.00 k	64-bit system.
+++> GPU memory: free = 32.43 GB, total = 34.19 GB
+++> Chunk limit set to 130k RK4 steps per chunk.
+++> Chunk 1/1 uploaded with Nrk=80.00 k, output buffers 18881.48 MB
+++> C++ Computation time: 0.00 seconds
+++> Memory time: 1.07 seconds
+++> Total CUDA time: 2.77 seconds: (RK: 1.10, Interp: 0.16, Combine: 1.50)
+++> CUDA launched with Nv=6857, Nrk=80.00 k	64-bit system.
+++> GPU memory: free = 32.43 GB, total = 34.19 GB
+++> Chunk limit set to 130k RK4 steps per chunk.
+++> Chunk 1/1 uploaded with Nrk=80.00 k, output buffers 18881.48 MB
+++> C++ Computation time: 0.00 seconds
+++> Memory time: 1.15 seconds
+++> Total CUDA time: 2.76 seconds: (RK: 0.50, Interp: 0.25, Combine: 2.01)
+++> CUDA launched with Nv=6857, Nrk=80.00 k	64-bit system.
+++> GPU memory: free = 32.43 GB, total = 34.19 GB
+++> Chunk limit set to 130k RK4 steps per chunk.
+++> Chunk 1/1 uploaded with Nrk=80.00 k, output buffers 18881.48 MB
+++> C++ Computation time: 0.00 seconds
+++> Memory time: 1.07 seconds
+++> Total CUDA time: 3.45 seconds: (RK: 1.23, Interp: 0.20, Combine: 2.02)
+++> CUDA launched with Nv=6857, Nrk=80.00 k	64-bit system.
+++> GPU memory: free = 32.43 GB, total = 34.19 GB
+++> Chunk limit set to 130k RK4 steps per chunk.
+++> Chunk 1/1 uploaded with Nrk=80.00 k, output buffers 18881.48 MB
+++> C++ Computation time: 0.00 seconds
+++> Memory time: 1.30 seconds
+++> Total CUDA time: 5.40 seconds: (RK: 2.38, Interp: 0.17, Combine: 2.86)
+++> CUDA launched with Nv=6857, Nrk=80.00 k	64-bit system.
+++> GPU memory: free = 32.43 GB, total = 34.19 GB
+++> Chunk limit set to 130k RK4 steps per chunk.
+++> Chunk 1/1 uploaded with Nrk=80.00 k, output buffers 18881.48 MB
+++> C++ Computation time: 0.00 seconds
+++> Memory time: 1.19 seconds
+++> Total CUDA time: 5.19 seconds: (RK: 2.27, Interp: 0.17, Combine: 2.75)
