model                      dsh_tau1.940us  dsh_tau2.535us  dsh_tau4.000us
Pavg_over_P1dB_dB variant                                                
-6                xi_0.05           0.012           0.012           0.012
                  xi_0.1            0.011           0.011           0.011
                  xi_0.25           0.009           0.009           0.009
                  xi_0.5            0.007           0.006           0.006
                  xi_1              0.006           0.006           0.005
                  xi_2              0.006           0.006           0.005
                  xi_4              0.006           0.006           0.005
 0                xi_0.05           0.012           0.012           0.012
                  xi_0.1            0.012           0.011           0.011
                  xi_0.25           0.011           0.010           0.010
                  xi_0.5            0.011           0.010           0.009
                  xi_1              0.015           0.013           0.010
                  xi_2              0.022           0.019           0.014
                  xi_4              0.029           0.027           0.021
 3                xi_0.05           0.024           0.023           0.023
                  xi_0.1            0.020           0.019           0.019
                  xi_0.25           0.020           0.018           0.015
                  xi_0.5            0.028           0.023           0.018
                  xi_1              0.049           0.039           0.027
                  xi_2              0.087           0.071           0.048
                  xi_4              0.126           0.113           0.086
 6                xi_0.05           0.035           0.034           0.033
                  xi_0.1            0.036           0.033           0.029
                  xi_0.25           0.061           0.050           0.037
                  xi_0.5            0.116           0.091           0.062
                  xi_1              0.218           0.172           0.113
                  xi_2              0.364           0.306           0.212
                  xi_4              0.502           0.453           0.359
