CW 1501 0.0 3.67755523750631e-11
CW 1501 0.005 1.5932057491660805e-05
CW 1501 0.01 3.1823804426465086e-05
CW 1501 0.02 6.333416856931354e-05
CW 1501 0.03 9.42448785732806e-05
CW 1501 0.04 0.00012430823956149193
CW 1501 0.05 0.00015331491360609457
CW 1501 0.06 0.00018106324333163744
CW 1501 0.07 0.00020730951322153775
CW 1501 0.08 0.00023172741926045127
+++> CUDA launched with Nv=1285, Nrk=80.00 k	64-bit system.
+++> GPU memory: free = 32.43 GB, total = 34.19 GB
+++> Chunk limit set to 500k RK4 steps per chunk.
+++> Chunk 1/1 uploaded with Nrk=80.00 k, output buffers 3540.37 MB
+++> C++ Computation time: 0.00 seconds
+++> Memory time: 0.21 seconds
+++> Total CUDA time: 1.16 seconds: (RK: 0.67, Interp: 0.18, Combine: 0.31)
+++> CUDA launched with Nv=1285, Nrk=80.00 k	64-bit system.
+++> GPU memory: free = 32.43 GB, total = 34.19 GB
+++> Chunk limit set to 500k RK4 steps per chunk.
+++> Chunk 1/1 uploaded with Nrk=80.00 k, output buffers 3540.37 MB
+++> C++ Computation time: 0.00 seconds
+++> Memory time: 0.21 seconds
+++> Total CUDA time: 1.14 seconds: (RK: 0.70, Interp: 0.17, Combine: 0.27)
+++> CUDA launched with Nv=1285, Nrk=80.00 k	64-bit system.
+++> GPU memory: free = 32.43 GB, total = 34.19 GB
+++> Chunk limit set to 500k RK4 steps per chunk.
+++> Chunk 1/1 uploaded with Nrk=80.00 k, output buffers 3540.37 MB
+++> C++ Computation time: 0.00 seconds
+++> Memory time: 0.22 seconds
+++> Total CUDA time: 1.11 seconds: (RK: 0.65, Interp: 0.16, Combine: 0.29)
+++> CUDA launched with Nv=1285, Nrk=80.00 k	64-bit system.
+++> GPU memory: free = 32.43 GB, total = 34.19 GB
+++> Chunk limit set to 500k RK4 steps per chunk.
+++> Chunk 1/1 uploaded with Nrk=80.00 k, output buffers 3540.37 MB
+++> C++ Computation time: 0.00 seconds
+++> Memory time: 0.22 seconds
+++> Total CUDA time: 1.12 seconds: (RK: 0.68, Interp: 0.15, Combine: 0.29)
+++> CUDA launched with Nv=1285, Nrk=80.00 k	64-bit system.
+++> GPU memory: free = 32.43 GB, total = 34.19 GB
+++> Chunk limit set to 500k RK4 steps per chunk.
+++> Chunk 1/1 uploaded with Nrk=80.00 k, output buffers 3540.37 MB
+++> C++ Computation time: 0.00 seconds
+++> Memory time: 0.22 seconds
+++> Total CUDA time: 1.17 seconds: (RK: 0.70, Interp: 0.17, Combine: 0.30)
+++> CUDA launched with Nv=1285, Nrk=80.00 k	64-bit system.
+++> GPU memory: free = 32.43 GB, total = 34.19 GB
+++> Chunk limit set to 500k RK4 steps per chunk.
+++> Chunk 1/1 uploaded with Nrk=80.00 k, output buffers 3540.37 MB
+++> C++ Computation time: 0.00 seconds
+++> Memory time: 0.22 seconds
+++> Total CUDA time: 1.09 seconds: (RK: 0.66, Interp: 0.17, Combine: 0.27)
+++> CUDA launched with Nv=1285, Nrk=80.00 k	64-bit system.
+++> GPU memory: free = 32.43 GB, total = 34.19 GB
+++> Chunk limit set to 500k RK4 steps per chunk.
+++> Chunk 1/1 uploaded with Nrk=80.00 k, output buffers 3540.37 MB
+++> C++ Computation time: 0.00 seconds
+++> Memory time: 0.21 seconds
+++> Total CUDA time: 1.10 seconds: (RK: 0.69, Interp: 0.15, Combine: 0.26)
+++> CUDA launched with Nv=1285, Nrk=80.00 k	64-bit system.
+++> GPU memory: free = 32.43 GB, total = 34.19 GB
+++> Chunk limit set to 500k RK4 steps per chunk.
+++> Chunk 1/1 uploaded with Nrk=80.00 k, output buffers 3540.37 MB
+++> C++ Computation time: 0.00 seconds
+++> Memory time: 0.21 seconds
+++> Total CUDA time: 1.15 seconds: (RK: 0.71, Interp: 0.17, Combine: 0.27)
+++> CUDA launched with Nv=1285, Nrk=80.00 k	64-bit system.
+++> GPU memory: free = 32.43 GB, total = 34.19 GB
+++> Chunk limit set to 500k RK4 steps per chunk.
+++> Chunk 1/1 uploaded with Nrk=80.00 k, output buffers 3540.37 MB
+++> C++ Computation time: 0.00 seconds
+++> Memory time: 0.23 seconds
+++> Total CUDA time: 0.96 seconds: (RK: 0.55, Interp: 0.16, Combine: 0.25)
+++> CUDA launched with Nv=1285, Nrk=80.00 k	64-bit system.
+++> GPU memory: free = 32.43 GB, total = 34.19 GB
+++> Chunk limit set to 500k RK4 steps per chunk.
+++> Chunk 1/1 uploaded with Nrk=80.00 k, output buffers 3540.37 MB
+++> C++ Computation time: 0.00 seconds
+++> Memory time: 0.21 seconds
+++> Total CUDA time: 1.11 seconds: (RK: 0.70, Interp: 0.15, Combine: 0.26)
+++> CUDA launched with Nv=1285, Nrk=80.00 k	64-bit system.
+++> GPU memory: free = 32.43 GB, total = 34.19 GB
+++> Chunk limit set to 500k RK4 steps per chunk.
+++> Chunk 1/1 uploaded with Nrk=80.00 k, output buffers 3540.37 MB
+++> C++ Computation time: 0.00 seconds
+++> Memory time: 0.21 seconds
+++> Total CUDA time: 1.06 seconds: CW 1501 0.085 0.0002431223958039397
CW 1501 0.09 0.0002538880404101297
CW 1501 0.095 0.00026395717047149493
CW 1501 0.1 0.0002732687132262543
CW 1501 0.11 0.00028930358682614066
CW 1501 0.12 0.0003013849271390795
CW 1501 0.13 0.00030895433514806925
CW 1501 0.14 0.0003115309328523654
CW 1501 0.15 0.00030889585220231615
CW 1501 0.17 0.000289124738951983
CW 1501 0.2 0.00023764560284440428
(RK: 0.66, Interp: 0.16, Combine: 0.25)
+++> CUDA launched with Nv=1285, Nrk=80.00 k	64-bit system.
+++> GPU memory: free = 32.43 GB, total = 34.19 GB
+++> Chunk limit set to 500k RK4 steps per chunk.
+++> Chunk 1/1 uploaded with Nrk=80.00 k, output buffers 3540.37 MB
+++> C++ Computation time: 0.00 seconds
+++> Memory time: 0.22 seconds
+++> Total CUDA time: 1.14 seconds: (RK: 0.69, Interp: 0.17, Combine: 0.28)
+++> CUDA launched with Nv=1285, Nrk=80.00 k	64-bit system.
+++> GPU memory: free = 32.43 GB, total = 34.19 GB
+++> Chunk limit set to 500k RK4 steps per chunk.
+++> Chunk 1/1 uploaded with Nrk=80.00 k, output buffers 3540.37 MB
+++> C++ Computation time: 0.00 seconds
+++> Memory time: 0.22 seconds
+++> Total CUDA time: 1.10 seconds: (RK: 0.65, Interp: 0.17, Combine: 0.27)
+++> CUDA launched with Nv=1285, Nrk=80.00 k	64-bit system.
+++> GPU memory: free = 32.43 GB, total = 34.19 GB
+++> Chunk limit set to 500k RK4 steps per chunk.
+++> Chunk 1/1 uploaded with Nrk=80.00 k, output buffers 3540.37 MB
+++> C++ Computation time: 0.00 seconds
+++> Memory time: 0.21 seconds
+++> Total CUDA time: 1.07 seconds: (RK: 0.63, Interp: 0.16, Combine: 0.27)
+++> CUDA launched with Nv=1285, Nrk=80.00 k	64-bit system.
+++> GPU memory: free = 32.43 GB, total = 34.19 GB
+++> Chunk limit set to 500k RK4 steps per chunk.
+++> Chunk 1/1 uploaded with Nrk=80.00 k, output buffers 3540.37 MB
+++> C++ Computation time: 0.00 seconds
+++> Memory time: 0.22 seconds
+++> Total CUDA time: 0.97 seconds: (RK: 0.63, Interp: 0.16, Combine: 0.18)
+++> CUDA launched with Nv=1285, Nrk=80.00 k	64-bit system.
+++> GPU memory: free = 32.43 GB, total = 34.19 GB
+++> Chunk limit set to 500k RK4 steps per chunk.
+++> Chunk 1/1 uploaded with Nrk=80.00 k, output buffers 3540.37 MB
+++> C++ Computation time: 0.00 seconds
+++> Memory time: 0.23 seconds
+++> Total CUDA time: 1.05 seconds: (RK: 0.63, Interp: 0.15, Combine: 0.27)
+++> CUDA launched with Nv=1285, Nrk=80.00 k	64-bit system.
+++> GPU memory: free = 32.43 GB, total = 34.19 GB
+++> Chunk limit set to 500k RK4 steps per chunk.
+++> Chunk 1/1 uploaded with Nrk=80.00 k, output buffers 3540.37 MB
+++> C++ Computation time: 0.00 seconds
+++> Memory time: 0.23 seconds
+++> Total CUDA time: 1.10 seconds: (RK: 0.68, Interp: 0.15, Combine: 0.27)
+++> CUDA launched with Nv=1285, Nrk=80.00 k	64-bit system.
+++> GPU memory: free = 32.43 GB, total = 34.19 GB
+++> Chunk limit set to 500k RK4 steps per chunk.
+++> Chunk 1/1 uploaded with Nrk=80.00 k, output buffers 3540.37 MB
+++> C++ Computation time: 0.00 seconds
+++> Memory time: 0.21 seconds
+++> Total CUDA time: 1.13 seconds: (RK: 0.68, Interp: 0.18, Combine: 0.28)
+++> CUDA launched with Nv=1285, Nrk=80.00 k	64-bit system.
+++> GPU memory: free = 32.43 GB, total = 34.19 GB
+++> Chunk limit set to 500k RK4 steps per chunk.
+++> Chunk 1/1 uploaded with Nrk=80.00 k, output buffers 3540.37 MB
+++> C++ Computation time: 0.00 seconds
+++> Memory time: 0.21 seconds
+++> Total CUDA time: 1.06 seconds: (RK: 0.65, Interp: 0.15, Combine: 0.25)
+++> CUDA launched with Nv=1285, Nrk=80.00 k	64-bit system.
+++> GPU memory: free = 32.43 GB, total = 34.19 GB
+++> Chunk limit set to 500k RK4 steps per chunk.
+++> Chunk 1/1 uploaded with Nrk=80.00 k, output buffers 3540.37 MB
+++> C++ Computation time: 0.00 seconds
+++> Memory time: 0.23 seconds
+++> Total CUDA time: 1.08 seconds: (RK: 0.65, Interp: 0.16, Combine: 0.27)
+++> CUDA launched with Nv=1285, Nrk=80.00 k	64-bit system.
+++> GPU memory: free = 32.43 GB, total = 34.19 GB
+++> Chunk limit set to 500k RK4 steps per chunk.
+++> Chunk 1/1 uploaded with Nrk=80.00 k, output buffers 3540.37 MB
+++> C++ Computation time: 0.00 seconds
+++> Memory time: 0.24 seconds
+++> Total CUDA time: 1.06 seconds: (RK: 0.66, Interp: 0.15, Combine: 0.25)
+++> CUDA launched with Nv=1285, Nrk=80.00 k	64-bit system.
+++> GPU memory: free = 32.43 GB, total = 34.19 GB
+++> Chunk limit set to 500k RK4 steps per chunk.
+++> Chunk 1/1 uploaded with Nrk=80.00 k, output buffers 3540.37 MB
+++> C++ Computation time: 0.00 seconds
+++> Memory time: 0.21 secoCW 1501 0.23 0.0001895390109483827
CW 1501 0.26 0.00016957089348284377
CW 1501 0.3 0.00020046254048704126
CW 1501 0.35 0.00032424232471128887
CW 1501 0.4 0.00041425505276841907
CW 1501 0.5 0.00036883905654763803
CW 1501 0.6 9.556585529686161e-05
CW 1501 0.7 0.0001258240825076156
E1dB 1501 0.08781285606020049 slope 0.0031843959704893347 settle 1.594649758293886e-05 seconds 127.87029815400001
nds
+++> Total CUDA time: 1.04 seconds: (RK: 0.64, Interp: 0.16, Combine: 0.25)
+++> CUDA launched with Nv=1285, Nrk=80.00 k	64-bit system.
+++> GPU memory: free = 32.43 GB, total = 34.19 GB
+++> Chunk limit set to 500k RK4 steps per chunk.
+++> Chunk 1/1 uploaded with Nrk=80.00 k, output buffers 3540.37 MB
+++> C++ Computation time: 0.00 seconds
+++> Memory time: 0.22 seconds
+++> Total CUDA time: 1.03 seconds: (RK: 0.62, Interp: 0.16, Combine: 0.26)
+++> CUDA launched with Nv=1285, Nrk=80.00 k	64-bit system.
+++> GPU memory: free = 32.43 GB, total = 34.19 GB
+++> Chunk limit set to 500k RK4 steps per chunk.
+++> Chunk 1/1 uploaded with Nrk=80.00 k, output buffers 3540.37 MB
+++> C++ Computation time: 0.00 seconds
+++> Memory time: 0.23 seconds
+++> Total CUDA time: 1.11 seconds: (RK: 0.64, Interp: 0.20, Combine: 0.27)
+++> CUDA launched with Nv=1285, Nrk=80.00 k	64-bit system.
+++> GPU memory: free = 32.43 GB, total = 34.19 GB
+++> Chunk limit set to 500k RK4 steps per chunk.
+++> Chunk 1/1 uploaded with Nrk=80.00 k, output buffers 3540.37 MB
+++> C++ Computation time: 0.00 seconds
+++> Memory time: 0.22 seconds
+++> Total CUDA time: 1.08 seconds: (RK: 0.65, Interp: 0.16, Combine: 0.27)
+++> CUDA launched with Nv=1285, Nrk=80.00 k	64-bit system.
+++> GPU memory: free = 32.43 GB, total = 34.19 GB
+++> Chunk limit set to 500k RK4 steps per chunk.
+++> Chunk 1/1 uploaded with Nrk=80.00 k, output buffers 3540.37 MB
+++> C++ Computation time: 0.00 seconds
+++> Memory time: 0.23 seconds
+++> Total CUDA time: 1.06 seconds: (RK: 0.66, Interp: 0.15, Combine: 0.25)
+++> CUDA launched with Nv=1285, Nrk=80.00 k	64-bit system.
+++> GPU memory: free = 32.43 GB, total = 34.19 GB
+++> Chunk limit set to 500k RK4 steps per chunk.
+++> Chunk 1/1 uploaded with Nrk=80.00 k, output buffers 3540.37 MB
+++> C++ Computation time: 0.00 seconds
+++> Memory time: 0.20 seconds
+++> Total CUDA time: 1.06 seconds: (RK: 0.65, Interp: 0.15, Combine: 0.26)
+++> CUDA launched with Nv=1285, Nrk=80.00 k	64-bit system.
+++> GPU memory: free = 32.43 GB, total = 34.19 GB
+++> Chunk limit set to 500k RK4 steps per chunk.
+++> Chunk 1/1 uploaded with Nrk=80.00 k, output buffers 3540.37 MB
+++> C++ Computation time: 0.00 seconds
+++> Memory time: 0.24 seconds
+++> Total CUDA time: 1.10 seconds: (RK: 0.64, Interp: 0.19, Combine: 0.27)
+++> CUDA launched with Nv=1285, Nrk=80.00 k	64-bit system.
+++> GPU memory: free = 32.43 GB, total = 34.19 GB
+++> Chunk limit set to 500k RK4 steps per chunk.
+++> Chunk 1/1 uploaded with Nrk=80.00 k, output buffers 3540.37 MB
+++> C++ Computation time: 0.00 seconds
+++> Memory time: 0.21 seconds
+++> Total CUDA time: 1.08 seconds: (RK: 0.66, Interp: 0.17, Combine: 0.25)
