[65/440]  14.8% | dwell/main | r0 | xi=0.05 | +3 dB | elapsed 0h07m53s | rolling avg 31.9 s/job | ETA 3h41m43s
[66/440]  15.0% | dwell/main | r0 | xi=0.1 | +3 dB | elapsed 0h08m20s | rolling avg 29.6 s/job | ETA 3h24m57s
[67/440]  15.2% | dwell/main | r0 | xi=0.25 | +3 dB | elapsed 0h08m49s | rolling avg 29.2 s/job | ETA 3h22m09s
[68/440]  15.5% | dwell/main | r0 | xi=0.5 | +3 dB | elapsed 0h09m17s | rolling avg 29.0 s/job | ETA 3h20m09s
[69/440]  15.7% | dwell/main | r0 | xi=1 | +3 dB | elapsed 0h09m48s | rolling avg 29.4 s/job | ETA 3h22m16s
[70/440]  15.9% | dwell/main | r0 | xi=2 | +3 dB | elapsed 0h10m16s | rolling avg 29.1 s/job | ETA 3h19m34s
[71/440]  16.1% | dwell/main | r0 | xi=4 | +3 dB | elapsed 0h10m44s | rolling avg 29.0 s/job | ETA 3h18m20s
[72/440]  16.4% | dwell/main | r0 | xi=0.05 | +0 dB | elapsed 0h11m10s | rolling avg 28.6 s/job | ETA 3h15m36s
[73/440]  16.6% | dwell/main | r0 | xi=0.1 | +0 dB | elapsed 0h11m36s | rolling avg 28.4 s/job | ETA 3h13m20s
[74/440]  16.8% | dwell/main | r0 | xi=0.25 | +0 dB | elapsed 0h12m07s | rolling avg 28.6 s/job | ETA 3h14m33s
[75/440]  17.0% | dwell/main | r0 | xi=0.5 | +0 dB | elapsed 0h12m36s | rolling avg 28.3 s/job | ETA 3h11m45s
[76/440]  17.3% | dwell/main | r0 | xi=1 | +0 dB | elapsed 0h13m04s | rolling avg 28.4 s/job | ETA 3h12m13s
[77/440]  17.5% | dwell/main | r0 | xi=2 | +0 dB | elapsed 0h13m32s | rolling avg 28.4 s/job | ETA 3h11m24s
[78/440]  17.7% | dwell/main | r0 | xi=4 | +0 dB | elapsed 0h14m05s | rolling avg 28.8 s/job | ETA 3h13m44s
[79/440]  18.0% | dwell/main | r0 | xi=0.05 | +6 dB | elapsed 0h14m33s | rolling avg 28.5 s/job | ETA 3h11m14s
[80/440]  18.2% | dwell/main | r0 | xi=0.1 | +6 dB | elapsed 0h15m00s | rolling avg 28.4 s/job | ETA 3h10m33s
[81/440]  18.4% | dwell/main | r0 | xi=0.25 | +6 dB | elapsed 0h15m26s | rolling avg 28.2 s/job | ETA 3h08m40s
[82/440]  18.6% | dwell/main | r0 | xi=0.5 | +6 dB | elapsed 0h15m55s | rolling avg 28.4 s/job | ETA 3h09m33s
[83/440]  18.9% | dwell/main | r0 | xi=1 | +6 dB | elapsed 0h16m27s | rolling avg 29.0 s/job | ETA 3h13m09s
[84/440]  19.1% | dwell/main | r0 | xi=2 | +6 dB | elapsed 0h16m53s | rolling avg 28.6 s/job | ETA 3h09m34s
[85/440]  19.3% | dwell/main | r0 | xi=4 | +6 dB | elapsed 0h17m20s | rolling avg 28.4 s/job | ETA 3h07m52s
[86/440]  19.5% | dwell/main | r1 | xi=0.05 | +3 dB | elapsed 0h17m47s | rolling avg 28.3 s/job | ETA 3h06m43s
[87/440]  19.8% | dwell/main | r1 | xi=0.1 | +3 dB | elapsed 0h18m18s | rolling avg 28.6 s/job | ETA 3h08m02s
[88/440]  20.0% | dwell/main | r1 | xi=0.25 | +3 dB | elapsed 0h18m43s | rolling avg 27.8 s/job | ETA 3h02m28s
[89/440]  20.2% | dwell/main | r1 | xi=0.5 | +3 dB | elapsed 0h19m08s | rolling avg 27.5 s/job | ETA 3h00m25s
[90/440]  20.5% | dwell/main | r1 | xi=1 | +3 dB | elapsed 0h19m36s | rolling avg 27.6 s/job | ETA 3h00m29s
[91/440]  20.7% | dwell/main | r1 | xi=2 | +3 dB | elapsed 0h20m05s | rolling avg 27.9 s/job | ETA 3h01m47s
[92/440]  20.9% | dwell/main | r1 | xi=4 | +3 dB | elapsed 0h20m38s | rolling avg 28.3 s/job | ETA 3h04m10s
[93/440]  21.1% | dwell/main | r1 | xi=0.05 | +0 dB | elapsed 0h21m06s | rolling avg 28.0 s/job | ETA 3h01m12s
[94/440]  21.4% | dwell/main | r1 | xi=0.1 | +0 dB | elapsed 0h21m32s | rolling avg 27.9 s/job | ETA 3h00m28s
[95/440]  21.6% | dwell/main | r1 | xi=0.25 | +0 dB | elapsed 0h21m59s | rolling avg 27.9 s/job | ETA 3h00m10s
[96/440]  21.8% | dwell/main | r1 | xi=0.5 | +0 dB | elapsed 0h22m31s | rolling avg 28.4 s/job | ETA 3h02m37s
[97/440]  22.0% | dwell/main | r1 | xi=1 | +0 dB | elapsed 0h22m58s | rolling avg 28.0 s/job | ETA 2h59m51s
[98/440]  22.3% | dwell/main | r1 | xi=2 | +0 dB | elapsed 0h23m27s | rolling avg 28.4 s/job | ETA 3h01m42s
[99/440]  22.5% | dwell/main | r1 | xi=4 | +0 dB | elapsed 0h23m54s | rolling avg 28.5 s/job | ETA 3h02m06s
[100/440]  22.7% | dwell/main | r1 | xi=0.05 | +6 dB | elapsed 0h24m22s | rolling avg 28.6 s/job | ETA 3h02m11s
[101/440]  23.0% | dwell/main | r1 | xi=0.1 | +6 dB | elapsed 0h24m54s | rolling avg 28.9 s/job | ETA 3h03m18s
[102/440]  23.2% | dwell/main | r1 | xi=0.25 | +6 dB | elapsed 0h25m23s | rolling avg 28.5 s/job | ETA 3h00m33s
[103/440]  23.4% | dwell/main | r1 | xi=0.5 | +6 dB | elapsed 0h25m51s | rolling avg 28.4 s/job | ETA 2h59m26s
[104/440]  23.6% | dwell/main | r1 | xi=1 | +6 dB | elapsed 0h26m19s | rolling avg 28.7 s/job | ETA 3h00m33s
[105/440]  23.9% | dwell/main | r1 | xi=2 | +6 dB | elapsed 0h26m51s | rolling avg 29.2 s/job | ETA 3h03m27s
[106/440]  24.1% | dwell/main | r1 | xi=4 | +6 dB | elapsed 0h27m20s | rolling avg 28.9 s/job | ETA 3h00m48s
[107/440]  24.3% | dwell/main | r2 | xi=0.05 | +3 dB | elapsed 0h27m47s | rolling avg 28.8 s/job | ETA 3h00m08s
[108/440]  24.5% | dwell/main | r2 | xi=0.1 | +3 dB | elapsed 0h28m13s | rolling avg 28.6 s/job | ETA 2h58m20s
[109/440]  24.8% | dwell/main | r2 | xi=0.25 | +3 dB | elapsed 0h28m39s | rolling avg 28.6 s/job | ETA 2h57m34s
[110/440]  25.0% | dwell/main | r2 | xi=0.5 | +3 dB | elapsed 0h29m09s | rolling avg 28.7 s/job | ETA 2h57m43s
[111/440]  25.2% | dwell/main | r2 | xi=1 | +3 dB | elapsed 0h29m37s | rolling avg 28.3 s/job | ETA 2h55m17s
[112/440]  25.5% | dwell/main | r2 | xi=2 | +3 dB | elapsed 0h30m05s | rolling avg 28.2 s/job | ETA 2h53m41s
[113/440]  25.7% | dwell/main | r2 | xi=4 | +3 dB | elapsed 0h30m31s | rolling avg 28.1 s/job | ETA 2h52m46s
[114/440]  25.9% | dwell/main | r2 | xi=0.05 | +0 dB | elapsed 0h31m02s | rolling avg 28.4 s/job | ETA 2h53m57s
[115/440]  26.1% | dwell/main | r2 | xi=0.1 | +0 dB | elapsed 0h31m32s | rolling avg 28.1 s/job | ETA 2h52m01s
[116/440]  26.4% | dwell/main | r2 | xi=0.25 | +0 dB | elapsed 0h32m01s | rolling avg 28.2 s/job | ETA 2h51m50s
[117/440]  26.6% | dwell/main | r2 | xi=0.5 | +0 dB | elapsed 0h32m30s | rolling avg 28.4 s/job | ETA 2h52m41s
[118/440]  26.8% | dwell/main | r2 | xi=1 | +0 dB | elapsed 0h32m58s | rolling avg 28.5 s/job | ETA 2h52m42s
[119/440]  27.0% | dwell/main | r2 | xi=2 | +0 dB | elapsed 0h33m31s | rolling avg 29.2 s/job | ETA 2h56m33s
[120/440]  27.3% | dwell/main | r2 | xi=4 | +0 dB | elapsed 0h34m00s | rolling avg 29.0 s/job | ETA 2h55m15s
[121/440]  27.5% | dwell/main | r2 | xi=0.05 | +6 dB | elapsed 0h34m28s | rolling avg 29.1 s/job | ETA 2h54m56s
[122/440]  27.7% | dwell/main | r2 | xi=0.1 | +6 dB | elapsed 0h34m56s | rolling avg 29.2 s/job | ETA 2h55m01s
[123/440]  28.0% | dwell/main | r2 | xi=0.25 | +6 dB | elapsed 0h35m28s | rolling avg 29.6 s/job | ETA 2h57m09s
[124/440]  28.2% | dwell/main | r2 | xi=0.5 | +6 dB | elapsed 0h35m55s | rolling avg 29.3 s/job | ETA 2h54m42s
[125/440]  28.4% | dwell/main | r2 | xi=1 | +6 dB | elapsed 0h36m23s | rolling avg 29.0 s/job | ETA 2h52m43s
[126/440]  28.6% | dwell/main | r2 | xi=2 | +6 dB | elapsed 0h36m53s | rolling avg 29.1 s/job | ETA 2h52m45s
[127/440]  28.9% | dwell/main | r2 | xi=4 | +6 dB | elapsed 0h37m24s | rolling avg 29.3 s/job | ETA 2h53m35s
[128/440]  29.1% | dwell/main | r3 | xi=0.05 | +3 dB | elapsed 0h37m54s | rolling avg 29.6 s/job | ETA 2h54m53s
[129/440]  29.3% | dwell/main | r3 | xi=0.1 | +3 dB | elapsed 0h38m21s | rolling avg 29.0 s/job | ETA 2h50m51s
[130/440]  29.5% | dwell/main | r3 | xi=0.25 | +3 dB | elapsed 0h38m46s | rolling avg 28.7 s/job | ETA 2h48m07s
[131/440]  29.8% | dwell/main | r3 | xi=0.5 | +3 dB | elapsed 0h39m11s | rolling avg 28.3 s/job | ETA 2h45m19s
[132/440]  30.0% | dwell/main | r3 | xi=1 | +3 dB | elapsed 0h39m42s | rolling avg 28.6 s/job | ETA 2h46m37s
[133/440]  30.2% | dwell/main | r3 | xi=2 | +3 dB | elapsed 0h40m09s | rolling avg 28.1 s/job | ETA 2h43m40s
[134/440]  30.5% | dwell/main | r3 | xi=4 | +3 dB | elapsed 0h40m35s | rolling avg 28.0 s/job | ETA 2h42m21s
[135/440]  30.7% | dwell/main | r3 | xi=0.05 | +0 dB | elapsed 0h41m00s | rolling avg 27.7 s/job | ETA 2h40m14s
[136/440]  30.9% | dwell/main | r3 | xi=0.1 | +0 dB | elapsed 0h41m37s | rolling avg 28.5 s/job | ETA 2h44m13s
[137/440]  31.1% | dwell/main | r3 | xi=0.25 | +0 dB | elapsed 0h42m05s | rolling avg 28.1 s/job | ETA 2h41m24s
[138/440]  31.4% | dwell/main | r3 | xi=0.5 | +0 dB | elapsed 0h42m29s | rolling avg 27.5 s/job | ETA 2h37m43s
[139/440]  31.6% | dwell/main | r3 | xi=1 | +0 dB | elapsed 0h42m54s | rolling avg 27.2 s/job | ETA 2h35m36s
[140/440]  31.8% | dwell/main | r3 | xi=2 | +0 dB | elapsed 0h43m18s | rolling avg 27.2 s/job | ETA 2h34m59s
[141/440]  32.0% | dwell/main | r3 | xi=4 | +0 dB | elapsed 0h43m43s | rolling avg 27.2 s/job | ETA 2h34m50s
[142/440]  32.3% | dwell/main | r3 | xi=0.05 | +6 dB | elapsed 0h44m11s | rolling avg 26.9 s/job | ETA 2h32m16s
[143/440]  32.5% | dwell/main | r3 | xi=0.1 | +6 dB | elapsed 0h44m35s | rolling avg 26.6 s/job | ETA 2h30m15s
[144/440]  32.7% | dwell/main | r3 | xi=0.25 | +6 dB | elapsed 0h44m59s | rolling avg 26.4 s/job | ETA 2h28m31s
[145/440]  33.0% | dwell/main | r3 | xi=0.5 | +6 dB | elapsed 0h45m23s | rolling avg 26.3 s/job | ETA 2h27m51s
[146/440]  33.2% | dwell/main | r3 | xi=1 | +6 dB | elapsed 0h45m52s | rolling avg 25.4 s/job | ETA 2h22m22s
[147/440]  33.4% | dwell/main | r3 | xi=2 | +6 dB | elapsed 0h46m24s | rolling avg 26.0 s/job | ETA 2h25m02s
[148/440]  33.6% | dwell/main | r3 | xi=4 | +6 dB | elapsed 0h46m53s | rolling avg 26.4 s/job | ETA 2h26m44s
[149/440]  33.9% | dwell/main | r4 | xi=0.05 | +3 dB | elapsed 0h47m21s | rolling avg 26.7 s/job | ETA 2h28m09s
[150/440]  34.1% | dwell/main | r4 | xi=0.1 | +3 dB | elapsed 0h47m48s | rolling avg 27.0 s/job | ETA 2h29m36s
[151/440]  34.3% | dwell/main | r4 | xi=0.25 | +3 dB | elapsed 0h48m19s | rolling avg 27.6 s/job | ETA 2h32m09s
[152/440]  34.5% | dwell/main | r4 | xi=0.5 | +3 dB | elapsed 0h48m46s | rolling avg 27.5 s/job | ETA 2h31m11s
[153/440]  34.8% | dwell/main | r4 | xi=1 | +3 dB | elapsed 0h49m13s | rolling avg 27.8 s/job | ETA 2h32m40s
[154/440]  35.0% | dwell/main | r4 | xi=2 | +3 dB | elapsed 0h49m41s | rolling avg 28.2 s/job | ETA 2h34m05s
[155/440]  35.2% | dwell/main | r4 | xi=4 | +3 dB | elapsed 0h50m07s | rolling avg 28.4 s/job | ETA 2h34m57s
[156/440]  35.5% | dwell/main | r4 | xi=0.05 | +0 dB | elapsed 0h50m36s | rolling avg 28.5 s/job | ETA 2h34m44s
[157/440]  35.7% | dwell/main | r4 | xi=0.1 | +0 dB | elapsed 0h51m04s | rolling avg 28.0 s/job | ETA 2h31m32s
[158/440]  35.9% | dwell/main | r4 | xi=0.25 | +0 dB | elapsed 0h51m29s | rolling avg 27.7 s/job | ETA 2h29m23s
[159/440]  36.1% | dwell/main | r4 | xi=0.5 | +0 dB | elapsed 0h51m54s | rolling avg 27.3 s/job | ETA 2h27m13s
[160/440]  36.4% | dwell/main | r4 | xi=1 | +0 dB | elapsed 0h52m23s | rolling avg 27.5 s/job | ETA 2h27m22s
[161/440]  36.6% | dwell/main | r4 | xi=2 | +0 dB | elapsed 0h52m54s | rolling avg 27.5 s/job | ETA 2h26m55s
[162/440]  36.8% | dwell/main | r4 | xi=4 | +0 dB | elapsed 0h53m23s | rolling avg 27.7 s/job | ETA 2h27m50s
[163/440]  37.0% | dwell/main | r4 | xi=0.05 | +6 dB | elapsed 0h53m49s | rolling avg 27.6 s/job | ETA 2h26m29s
[164/440]  37.3% | dwell/main | r4 | xi=0.1 | +6 dB | elapsed 0h54m16s | rolling avg 27.5 s/job | ETA 2h25m47s
[165/440]  37.5% | dwell/main | r4 | xi=0.25 | +6 dB | elapsed 0h54m45s | rolling avg 27.8 s/job | ETA 2h26m54s
[166/440]  37.7% | dwell/main | r4 | xi=0.5 | +6 dB | elapsed 0h55m15s | rolling avg 27.8 s/job | ETA 2h26m35s
[167/440]  38.0% | dwell/main | r4 | xi=1 | +6 dB | elapsed 0h55m43s | rolling avg 27.9 s/job | ETA 2h26m28s
[168/440]  38.2% | dwell/main | r4 | xi=2 | +6 dB | elapsed 0h56m13s | rolling avg 28.4 s/job | ETA 2h28m26s
[169/440]  38.4% | dwell/main | r4 | xi=4 | +6 dB | elapsed 0h56m40s | rolling avg 28.6 s/job | ETA 2h29m23s
[170/440]  38.6% | dwell/main | r5 | xi=0.05 | +3 dB | elapsed 0h57m09s | rolling avg 28.6 s/job | ETA 2h28m45s
[171/440]  38.9% | dwell/main | r5 | xi=0.1 | +3 dB | elapsed 0h57m38s | rolling avg 28.5 s/job | ETA 2h27m29s
[172/440]  39.1% | dwell/main | r5 | xi=0.25 | +3 dB | elapsed 0h58m08s | rolling avg 28.5 s/job | ETA 2h27m21s
[173/440]  39.3% | dwell/main | r5 | xi=0.5 | +3 dB | elapsed 0h58m37s | rolling avg 28.8 s/job | ETA 2h28m12s
[174/440]  39.5% | dwell/main | r5 | xi=1 | +3 dB | elapsed 0h59m06s | rolling avg 29.0 s/job | ETA 2h28m58s
[175/440]  39.8% | dwell/main | r5 | xi=2 | +3 dB | elapsed 0h59m30s | rolling avg 28.5 s/job | ETA 2h25m54s
[176/440]  40.0% | dwell/main | r5 | xi=4 | +3 dB | elapsed 0h59m55s | rolling avg 28.0 s/job | ETA 2h22m49s
[177/440]  40.2% | dwell/main | r5 | xi=0.05 | +0 dB | elapsed 1h00m20s | rolling avg 27.7 s/job | ETA 2h20m55s
[178/440]  40.5% | dwell/main | r5 | xi=0.1 | +0 dB | elapsed 1h00m47s | rolling avg 27.4 s/job | ETA 2h19m01s
[179/440]  40.7% | dwell/main | r5 | xi=0.25 | +0 dB | elapsed 1h01m14s | rolling avg 27.4 s/job | ETA 2h18m12s
[180/440]  40.9% | dwell/main | r5 | xi=0.5 | +0 dB | elapsed 1h01m40s | rolling avg 27.1 s/job | ETA 2h16m34s
[181/440]  41.1% | dwell/main | r5 | xi=1 | +0 dB | elapsed 1h02m08s | rolling avg 27.0 s/job | ETA 2h15m28s
[182/440]  41.4% | dwell/main | r5 | xi=2 | +0 dB | elapsed 1h02m36s | rolling avg 26.8 s/job | ETA 2h14m07s
[183/440]  41.6% | dwell/main | r5 | xi=4 | +0 dB | elapsed 1h03m07s | rolling avg 27.1 s/job | ETA 2h14m58s
[184/440]  41.8% | dwell/main | r5 | xi=0.05 | +6 dB | elapsed 1h03m34s | rolling avg 26.8 s/job | ETA 2h12m56s
[185/440]  42.0% | dwell/main | r5 | xi=0.1 | +6 dB | elapsed 1h04m01s | rolling avg 27.0 s/job | ETA 2h13m47s
[186/440]  42.3% | dwell/main | r5 | xi=0.25 | +6 dB | elapsed 1h04m28s | rolling avg 27.4 s/job | ETA 2h14m59s
[187/440]  42.5% | dwell/main | r5 | xi=0.5 | +6 dB | elapsed 1h04m56s | rolling avg 27.6 s/job | ETA 2h15m33s
[188/440]  42.7% | dwell/main | r5 | xi=1 | +6 dB | elapsed 1h05m26s | rolling avg 27.8 s/job | ETA 2h16m18s
[189/440]  43.0% | dwell/main | r5 | xi=2 | +6 dB | elapsed 1h05m53s | rolling avg 27.9 s/job | ETA 2h16m00s
[190/440]  43.2% | dwell/main | r5 | xi=4 | +6 dB | elapsed 1h06m18s | rolling avg 27.8 s/job | ETA 2h15m11s
[191/440]  43.4% | dwell/main | r6 | xi=0.05 | +3 dB | elapsed 1h06m44s | rolling avg 27.6 s/job | ETA 2h13m50s
[192/440]  43.6% | dwell/main | r6 | xi=0.1 | +3 dB | elapsed 1h07m14s | rolling avg 27.7 s/job | ETA 2h14m06s
[193/440]  43.9% | dwell/main | r6 | xi=0.25 | +3 dB | elapsed 1h07m41s | rolling avg 27.3 s/job | ETA 2h11m43s
[194/440]  44.1% | dwell/main | r6 | xi=0.5 | +3 dB | elapsed 1h08m10s | rolling avg 27.7 s/job | ETA 2h12m45s
[195/440]  44.3% | dwell/main | r6 | xi=1 | +3 dB | elapsed 1h08m38s | rolling avg 27.7 s/job | ETA 2h12m23s
[196/440]  44.5% | dwell/main | r6 | xi=2 | +3 dB | elapsed 1h09m03s | rolling avg 27.5 s/job | ETA 2h10m57s
[197/440]  44.8% | dwell/main | r6 | xi=4 | +3 dB | elapsed 1h09m30s | rolling avg 27.4 s/job | ETA 2h10m09s
[198/440]  45.0% | dwell/main | r6 | xi=0.05 | +0 dB | elapsed 1h09m56s | rolling avg 27.1 s/job | ETA 2h08m11s
[199/440]  45.2% | dwell/main | r6 | xi=0.1 | +0 dB | elapsed 1h10m22s | rolling avg 27.0 s/job | ETA 2h07m07s
[200/440]  45.5% | dwell/main | r6 | xi=0.25 | +0 dB | elapsed 1h10m48s | rolling avg 27.0 s/job | ETA 2h06m44s
[201/440]  45.7% | dwell/main | r6 | xi=0.5 | +0 dB | elapsed 1h11m16s | rolling avg 27.1 s/job | ETA 2h07m05s
[202/440]  45.9% | dwell/main | r6 | xi=1 | +0 dB | elapsed 1h11m45s | rolling avg 27.2 s/job | ETA 2h06m47s
[203/440]  46.1% | dwell/main | r6 | xi=2 | +0 dB | elapsed 1h12m12s | rolling avg 27.1 s/job | ETA 2h05m51s
[204/440]  46.4% | dwell/main | r6 | xi=4 | +0 dB | elapsed 1h12m37s | rolling avg 26.7 s/job | ETA 2h03m41s
[205/440]  46.6% | dwell/main | r6 | xi=0.05 | +6 dB | elapsed 1h13m05s | rolling avg 26.7 s/job | ETA 2h03m23s
[206/440]  46.8% | dwell/main | r6 | xi=0.1 | +6 dB | elapsed 1h13m32s | rolling avg 26.9 s/job | ETA 2h03m55s
[207/440]  47.0% | dwell/main | r6 | xi=0.25 | +6 dB | elapsed 1h13m59s | rolling avg 26.9 s/job | ETA 2h03m26s
[208/440]  47.3% | dwell/main | r6 | xi=0.5 | +6 dB | elapsed 1h14m26s | rolling avg 27.0 s/job | ETA 2h03m16s
[209/440]  47.5% | dwell/main | r6 | xi=1 | +6 dB | elapsed 1h14m54s | rolling avg 27.2 s/job | ETA 2h03m32s
[210/440]  47.7% | dwell/main | r6 | xi=2 | +6 dB | elapsed 1h15m23s | rolling avg 27.5 s/job | ETA 2h04m48s
[211/440]  48.0% | dwell/main | r6 | xi=4 | +6 dB | elapsed 1h16m00s | rolling avg 28.5 s/job | ETA 2h08m33s
[212/440]  48.2% | dwell/main | r7 | xi=0.05 | +3 dB | elapsed 1h16m31s | rolling avg 28.6 s/job | ETA 2h08m39s
[213/440]  48.4% | dwell/main | r7 | xi=0.1 | +3 dB | elapsed 1h17m03s | rolling avg 29.1 s/job | ETA 2h10m26s
[214/440]  48.6% | dwell/main | r7 | xi=0.25 | +3 dB | elapsed 1h17m33s | rolling avg 29.6 s/job | ETA 2h12m19s
[215/440]  48.9% | dwell/main | r7 | xi=0.5 | +3 dB | elapsed 1h18m09s | rolling avg 30.5 s/job | ETA 2h15m32s
[216/440]  49.1% | dwell/main | r7 | xi=1 | +3 dB | elapsed 1h18m38s | rolling avg 30.5 s/job | ETA 2h15m25s
[217/440]  49.3% | dwell/main | r7 | xi=2 | +3 dB | elapsed 1h19m05s | rolling avg 30.6 s/job | ETA 2h15m10s
[218/440]  49.5% | dwell/main | r7 | xi=4 | +3 dB | elapsed 1h19m32s | rolling avg 30.6 s/job | ETA 2h14m34s
[219/440]  49.8% | dwell/main | r7 | xi=0.05 | +0 dB | elapsed 1h20m02s | rolling avg 30.8 s/job | ETA 2h15m04s
[220/440]  50.0% | dwell/main | r7 | xi=0.1 | +0 dB | elapsed 1h20m28s | rolling avg 30.4 s/job | ETA 2h12m54s
[221/440]  50.2% | dwell/main | r7 | xi=0.25 | +0 dB | elapsed 1h20m55s | rolling avg 29.5 s/job | ETA 2h08m21s
[222/440]  50.5% | dwell/main | r7 | xi=0.5 | +0 dB | elapsed 1h21m23s | rolling avg 29.2 s/job | ETA 2h06m33s
[223/440]  50.7% | dwell/main | r7 | xi=1 | +0 dB | elapsed 1h21m50s | rolling avg 28.8 s/job | ETA 2h04m11s
[224/440]  50.9% | dwell/main | r7 | xi=2 | +0 dB | elapsed 1h22m17s | rolling avg 28.4 s/job | ETA 2h02m02s
[225/440]  51.1% | dwell/main | r7 | xi=4 | +0 dB | elapsed 1h22m57s | rolling avg 28.8 s/job | ETA 2h03m24s
[226/440]  51.4% | dwell/main | r7 | xi=0.05 | +6 dB | elapsed 1h23m27s | rolling avg 28.9 s/job | ETA 2h03m12s
[227/440]  51.6% | dwell/main | r7 | xi=0.1 | +6 dB | elapsed 1h23m54s | rolling avg 28.8 s/job | ETA 2h02m34s
[228/440]  51.8% | dwell/main | r7 | xi=0.25 | +6 dB | elapsed 1h24m26s | rolling avg 29.4 s/job | ETA 2h04m21s
[229/440]  52.0% | dwell/main | r7 | xi=0.5 | +6 dB | elapsed 1h24m56s | rolling avg 29.4 s/job | ETA 2h04m01s
[230/440]  52.3% | dwell/main | r7 | xi=1 | +6 dB | elapsed 1h25m24s | rolling avg 29.7 s/job | ETA 2h04m42s
[231/440]  52.5% | dwell/main | r7 | xi=2 | +6 dB | elapsed 1h25m53s | rolling avg 29.8 s/job | ETA 2h04m31s
[232/440]  52.7% | dwell/main | r7 | xi=4 | +6 dB | elapsed 1h26m24s | rolling avg 30.1 s/job | ETA 2h05m13s
[233/440]  53.0% | shuffle/main | r0 | xi=ORIGINAL | +3 dB | elapsed 1h26m58s | rolling avg 30.8 s/job | ETA 2h07m45s
[234/440]  53.2% | shuffle/main | r0 | xi=BLOCK_SHUFFLED_CYCLES | +3 dB | elapsed 1h27m26s | rolling avg 30.9 s/job | ETA 2h07m36s
[235/440]  53.4% | shuffle/main | r0 | xi=BLOCK_SHUFFLED_FIXED | +3 dB | elapsed 1h27m56s | rolling avg 29.9 s/job | ETA 2h03m01s
[236/440]  53.6% | shuffle/main | r0 | xi=SHUFFLED | +3 dB | elapsed 1h28m28s | rolling avg 30.1 s/job | ETA 2h03m32s
[237/440]  53.9% | shuffle/main | r0 | xi=ORIGINAL | +0 dB | elapsed 1h29m02s | rolling avg 30.8 s/job | ETA 2h05m43s
[238/440]  54.1% | shuffle/main | r0 | xi=BLOCK_SHUFFLED_CYCLES | +0 dB | elapsed 1h29m32s | rolling avg 30.6 s/job | ETA 2h04m34s
[239/440]  54.3% | shuffle/main | r0 | xi=BLOCK_SHUFFLED_FIXED | +0 dB | elapsed 1h29m59s | rolling avg 30.3 s/job | ETA 2h02m40s
[240/440]  54.5% | shuffle/main | r0 | xi=SHUFFLED | +0 dB | elapsed 1h30m31s | rolling avg 30.6 s/job | ETA 2h03m32s
[241/440]  54.8% | shuffle/main | r0 | xi=ORIGINAL | +6 dB | elapsed 1h31m02s | rolling avg 30.9 s/job | ETA 2h04m02s
[242/440]  55.0% | shuffle/main | r0 | xi=BLOCK_SHUFFLED_CYCLES | +6 dB | elapsed 1h31m32s | rolling avg 30.8 s/job | ETA 2h03m23s
[243/440]  55.2% | shuffle/main | r0 | xi=BLOCK_SHUFFLED_FIXED | +6 dB | elapsed 1h32m02s | rolling avg 30.3 s/job | ETA 2h00m52s
[244/440]  55.5% | shuffle/main | r0 | xi=SHUFFLED | +6 dB | elapsed 1h32m31s | rolling avg 30.5 s/job | ETA 2h00m55s
[245/440]  55.7% | shuffle/main | r1 | xi=ORIGINAL | +3 dB | elapsed 1h33m02s | rolling avg 30.5 s/job | ETA 2h00m35s
[246/440]  55.9% | shuffle/main | r1 | xi=BLOCK_SHUFFLED_CYCLES | +3 dB | elapsed 1h33m37s | rolling avg 30.8 s/job | ETA 2h01m20s
[247/440]  56.1% | shuffle/main | r1 | xi=BLOCK_SHUFFLED_FIXED | +3 dB | elapsed 1h34m08s | rolling avg 30.6 s/job | ETA 1h59m57s
[248/440]  56.4% | shuffle/main | r1 | xi=SHUFFLED | +3 dB | elapsed 1h34m38s | rolling avg 30.6 s/job | ETA 1h59m18s
[249/440]  56.6% | shuffle/main | r1 | xi=ORIGINAL | +0 dB | elapsed 1h35m07s | rolling avg 30.8 s/job | ETA 1h59m27s
[250/440]  56.8% | shuffle/main | r1 | xi=BLOCK_SHUFFLED_CYCLES | +0 dB | elapsed 1h35m37s | rolling avg 30.7 s/job | ETA 1h58m34s
[251/440]  57.0% | shuffle/main | r1 | xi=BLOCK_SHUFFLED_FIXED | +0 dB | elapsed 1h36m05s | rolling avg 30.3 s/job | ETA 1h56m48s
[252/440]  57.3% | shuffle/main | r1 | xi=SHUFFLED | +0 dB | elapsed 1h36m33s | rolling avg 30.0 s/job | ETA 1h55m04s
[253/440]  57.5% | shuffle/main | r1 | xi=ORIGINAL | +6 dB | elapsed 1h36m59s | rolling avg 29.8 s/job | ETA 1h53m33s
[254/440]  57.7% | shuffle/main | r1 | xi=BLOCK_SHUFFLED_CYCLES | +6 dB | elapsed 1h37m28s | rolling avg 29.7 s/job | ETA 1h53m02s
[255/440]  58.0% | shuffle/main | r1 | xi=BLOCK_SHUFFLED_FIXED | +6 dB | elapsed 1h37m54s | rolling avg 29.2 s/job | ETA 1h50m34s
[256/440]  58.2% | shuffle/main | r1 | xi=SHUFFLED | +6 dB | elapsed 1h38m20s | rolling avg 28.3 s/job | ETA 1h46m42s
[257/440]  58.4% | shuffle/main | r2 | xi=ORIGINAL | +3 dB | elapsed 1h38m47s | rolling avg 27.9 s/job | ETA 1h44m31s
[258/440]  58.6% | shuffle/main | r2 | xi=BLOCK_SHUFFLED_CYCLES | +3 dB | elapsed 1h39m13s | rolling avg 27.5 s/job | ETA 1h42m36s
[259/440]  58.9% | shuffle/main | r2 | xi=BLOCK_SHUFFLED_FIXED | +3 dB | elapsed 1h39m41s | rolling avg 27.5 s/job | ETA 1h42m10s
[260/440]  59.1% | shuffle/main | r2 | xi=SHUFFLED | +3 dB | elapsed 1h40m08s | rolling avg 27.0 s/job | ETA 1h40m00s
[261/440]  59.3% | shuffle/main | r2 | xi=ORIGINAL | +0 dB | elapsed 1h40m34s | rolling avg 26.8 s/job | ETA 1h38m51s
[262/440]  59.5% | shuffle/main | r2 | xi=BLOCK_SHUFFLED_CYCLES | +0 dB | elapsed 1h41m00s | rolling avg 26.7 s/job | ETA 1h37m56s
[263/440]  59.8% | shuffle/main | r2 | xi=BLOCK_SHUFFLED_FIXED | +0 dB | elapsed 1h41m28s | rolling avg 26.9 s/job | ETA 1h38m06s
[264/440]  60.0% | shuffle/main | r2 | xi=SHUFFLED | +0 dB | elapsed 1h41m56s | rolling avg 26.8 s/job | ETA 1h37m21s
[265/440]  60.2% | shuffle/main | r2 | xi=ORIGINAL | +6 dB | elapsed 1h42m23s | rolling avg 26.9 s/job | ETA 1h37m25s
[266/440]  60.5% | shuffle/main | r2 | xi=BLOCK_SHUFFLED_CYCLES | +6 dB | elapsed 1h42m50s | rolling avg 27.0 s/job | ETA 1h37m17s
[267/440]  60.7% | shuffle/main | r2 | xi=BLOCK_SHUFFLED_FIXED | +6 dB | elapsed 1h43m16s | rolling avg 26.9 s/job | ETA 1h36m23s
[268/440]  60.9% | shuffle/main | r2 | xi=SHUFFLED | +6 dB | elapsed 1h43m46s | rolling avg 27.3 s/job | ETA 1h37m17s
[269/440]  61.1% | shuffle/main | r3 | xi=ORIGINAL | +3 dB | elapsed 1h44m14s | rolling avg 27.2 s/job | ETA 1h36m39s
[270/440]  61.4% | shuffle/main | r3 | xi=BLOCK_SHUFFLED_CYCLES | +3 dB | elapsed 1h44m41s | rolling avg 27.3 s/job | ETA 1h36m24s
[271/440]  61.6% | shuffle/main | r3 | xi=BLOCK_SHUFFLED_FIXED | +3 dB | elapsed 1h45m08s | rolling avg 27.4 s/job | ETA 1h36m27s
[272/440]  61.8% | shuffle/main | r3 | xi=SHUFFLED | +3 dB | elapsed 1h45m35s | rolling avg 27.5 s/job | ETA 1h36m11s
[273/440]  62.0% | shuffle/main | r3 | xi=ORIGINAL | +0 dB | elapsed 1h46m04s | rolling avg 27.7 s/job | ETA 1h36m20s
[274/440]  62.3% | shuffle/main | r3 | xi=BLOCK_SHUFFLED_CYCLES | +0 dB | elapsed 1h46m31s | rolling avg 27.5 s/job | ETA 1h35m21s
[275/440]  62.5% | shuffle/main | r3 | xi=BLOCK_SHUFFLED_FIXED | +0 dB | elapsed 1h46m58s | rolling avg 27.5 s/job | ETA 1h34m44s
[276/440]  62.7% | shuffle/main | r3 | xi=SHUFFLED | +0 dB | elapsed 1h47m25s | rolling avg 27.5 s/job | ETA 1h34m29s
[277/440]  63.0% | shuffle/main | r3 | xi=ORIGINAL | +6 dB | elapsed 1h47m53s | rolling avg 27.7 s/job | ETA 1h34m39s
[278/440]  63.2% | shuffle/main | r3 | xi=BLOCK_SHUFFLED_CYCLES | +6 dB | elapsed 1h48m21s | rolling avg 27.5 s/job | ETA 1h33m29s
[279/440]  63.4% | shuffle/main | r3 | xi=BLOCK_SHUFFLED_FIXED | +6 dB | elapsed 1h48m49s | rolling avg 27.6 s/job | ETA 1h33m14s
[280/440]  63.6% | shuffle/main | r3 | xi=SHUFFLED | +6 dB | elapsed 1h49m18s | rolling avg 27.7 s/job | ETA 1h33m17s
[281/440]  63.9% | shuffle/main | r4 | xi=ORIGINAL | +3 dB | elapsed 1h49m47s | rolling avg 27.9 s/job | ETA 1h33m25s
[282/440]  64.1% | shuffle/main | r4 | xi=BLOCK_SHUFFLED_CYCLES | +3 dB | elapsed 1h50m21s | rolling avg 28.6 s/job | ETA 1h35m21s
[283/440]  64.3% | shuffle/main | r4 | xi=BLOCK_SHUFFLED_FIXED | +3 dB | elapsed 1h50m49s | rolling avg 28.4 s/job | ETA 1h34m19s
[284/440]  64.5% | shuffle/main | r4 | xi=SHUFFLED | +3 dB | elapsed 1h51m17s | rolling avg 28.6 s/job | ETA 1h34m13s
[285/440]  64.8% | shuffle/main | r4 | xi=ORIGINAL | +0 dB | elapsed 1h51m44s | rolling avg 28.6 s/job | ETA 1h33m57s
[286/440]  65.0% | shuffle/main | r4 | xi=BLOCK_SHUFFLED_CYCLES | +0 dB | elapsed 1h52m14s | rolling avg 28.8 s/job | ETA 1h34m11s
[287/440]  65.2% | shuffle/main | r4 | xi=BLOCK_SHUFFLED_FIXED | +0 dB | elapsed 1h52m40s | rolling avg 28.7 s/job | ETA 1h33m25s
[288/440]  65.5% | shuffle/main | r4 | xi=SHUFFLED | +0 dB | elapsed 1h53m07s | rolling avg 28.6 s/job | ETA 1h32m25s
[289/440]  65.7% | shuffle/main | r4 | xi=ORIGINAL | +6 dB | elapsed 1h53m32s | rolling avg 28.2 s/job | ETA 1h30m50s
[290/440]  65.9% | shuffle/main | r4 | xi=BLOCK_SHUFFLED_CYCLES | +6 dB | elapsed 1h53m56s | rolling avg 27.8 s/job | ETA 1h29m02s
[291/440]  66.1% | shuffle/main | r4 | xi=BLOCK_SHUFFLED_FIXED | +6 dB | elapsed 1h54m21s | rolling avg 27.4 s/job | ETA 1h27m10s
[292/440]  66.4% | shuffle/main | r4 | xi=SHUFFLED | +6 dB | elapsed 1h54m46s | rolling avg 26.6 s/job | ETA 1h24m07s
[293/440]  66.6% | shuffle/main | r5 | xi=ORIGINAL | +3 dB | elapsed 1h55m12s | rolling avg 26.3 s/job | ETA 1h22m46s
[294/440]  66.8% | shuffle/main | r5 | xi=BLOCK_SHUFFLED_CYCLES | +3 dB | elapsed 1h55m37s | rolling avg 26.0 s/job | ETA 1h21m22s
[295/440]  67.0% | shuffle/main | r5 | xi=BLOCK_SHUFFLED_FIXED | +3 dB | elapsed 1h56m04s | rolling avg 26.0 s/job | ETA 1h21m09s
[296/440]  67.3% | shuffle/main | r5 | xi=SHUFFLED | +3 dB | elapsed 1h56m35s | rolling avg 26.2 s/job | ETA 1h21m04s
[297/440]  67.5% | shuffle/main | r5 | xi=ORIGINAL | +0 dB | elapsed 1h57m03s | rolling avg 26.3 s/job | ETA 1h21m04s
[298/440]  67.7% | shuffle/main | r5 | xi=BLOCK_SHUFFLED_CYCLES | +0 dB | elapsed 1h57m32s | rolling avg 26.5 s/job | ETA 1h21m21s
[299/440]  68.0% | shuffle/main | r5 | xi=BLOCK_SHUFFLED_FIXED | +0 dB | elapsed 1h57m59s | rolling avg 26.7 s/job | ETA 1h21m27s
[300/440]  68.2% | shuffle/main | r5 | xi=SHUFFLED | +0 dB | elapsed 1h58m39s | rolling avg 28.3 s/job | ETA 1h25m45s
[301/440]  68.4% | shuffle/main | r5 | xi=ORIGINAL | +6 dB | elapsed 1h59m05s | rolling avg 28.4 s/job | ETA 1h25m42s
[302/440]  68.6% | shuffle/main | r5 | xi=BLOCK_SHUFFLED_CYCLES | +6 dB | elapsed 1h59m30s | rolling avg 28.4 s/job | ETA 1h25m15s
[303/440]  68.9% | shuffle/main | r5 | xi=BLOCK_SHUFFLED_FIXED | +6 dB | elapsed 1h59m59s | rolling avg 28.7 s/job | ETA 1h25m42s
[304/440]  69.1% | shuffle/main | r5 | xi=SHUFFLED | +6 dB | elapsed 2h00m27s | rolling avg 29.0 s/job | ETA 1h26m00s
[305/440]  69.3% | shuffle/main | r6 | xi=ORIGINAL | +3 dB | elapsed 2h00m57s | rolling avg 29.2 s/job | ETA 1h26m15s
[306/440]  69.5% | shuffle/main | r6 | xi=BLOCK_SHUFFLED_CYCLES | +3 dB | elapsed 2h01m25s | rolling avg 28.9 s/job | ETA 1h24m54s
[307/440]  69.8% | shuffle/main | r6 | xi=BLOCK_SHUFFLED_FIXED | +3 dB | elapsed 2h01m54s | rolling avg 29.1 s/job | ETA 1h24m44s
[308/440]  70.0% | shuffle/main | r6 | xi=SHUFFLED | +3 dB | elapsed 2h02m21s | rolling avg 28.9 s/job | ETA 1h23m49s
[309/440]  70.2% | shuffle/main | r6 | xi=ORIGINAL | +0 dB | elapsed 2h02m52s | rolling avg 29.3 s/job | ETA 1h24m24s
[310/440]  70.5% | shuffle/main | r6 | xi=BLOCK_SHUFFLED_CYCLES | +0 dB | elapsed 2h03m19s | rolling avg 28.0 s/job | ETA 1h20m17s
[311/440]  70.7% | shuffle/main | r6 | xi=BLOCK_SHUFFLED_FIXED | +0 dB | elapsed 2h03m46s | rolling avg 28.1 s/job | ETA 1h20m10s
[312/440]  70.9% | shuffle/main | r6 | xi=SHUFFLED | +0 dB | elapsed 2h04m14s | rolling avg 28.3 s/job | ETA 1h20m18s
[313/440]  71.1% | shuffle/main | r6 | xi=ORIGINAL | +6 dB | elapsed 2h04m40s | rolling avg 28.1 s/job | ETA 1h19m14s
[314/440]  71.4% | shuffle/main | r6 | xi=BLOCK_SHUFFLED_CYCLES | +6 dB | elapsed 2h05m09s | rolling avg 28.3 s/job | ETA 1h19m07s
[315/440]  71.6% | shuffle/main | r6 | xi=BLOCK_SHUFFLED_FIXED | +6 dB | elapsed 2h05m37s | rolling avg 28.0 s/job | ETA 1h17m54s
[316/440]  71.8% | shuffle/main | r6 | xi=SHUFFLED | +6 dB | elapsed 2h06m05s | rolling avg 28.0 s/job | ETA 1h17m29s
[317/440]  72.0% | shuffle/main | r7 | xi=ORIGINAL | +3 dB | elapsed 2h06m34s | rolling avg 28.0 s/job | ETA 1h17m00s
[318/440]  72.3% | shuffle/main | r7 | xi=BLOCK_SHUFFLED_CYCLES | +3 dB | elapsed 2h07m05s | rolling avg 28.4 s/job | ETA 1h17m31s
[319/440]  72.5% | shuffle/main | r7 | xi=BLOCK_SHUFFLED_FIXED | +3 dB | elapsed 2h07m33s | rolling avg 28.1 s/job | ETA 1h16m23s
[320/440]  72.7% | shuffle/main | r7 | xi=SHUFFLED | +3 dB | elapsed 2h08m01s | rolling avg 28.2 s/job | ETA 1h16m14s
[321/440]  73.0% | shuffle/main | r7 | xi=ORIGINAL | +0 dB | elapsed 2h08m29s | rolling avg 28.3 s/job | ETA 1h15m49s
[322/440]  73.2% | shuffle/main | r7 | xi=BLOCK_SHUFFLED_CYCLES | +0 dB | elapsed 2h08m55s | rolling avg 28.1 s/job | ETA 1h14m53s
[323/440]  73.4% | shuffle/main | r7 | xi=BLOCK_SHUFFLED_FIXED | +0 dB | elapsed 2h09m25s | rolling avg 28.5 s/job | ETA 1h15m33s
[324/440]  73.6% | shuffle/main | r7 | xi=SHUFFLED | +0 dB | elapsed 2h09m53s | rolling avg 28.4 s/job | ETA 1h14m50s
[325/440]  73.9% | shuffle/main | r7 | xi=ORIGINAL | +6 dB | elapsed 2h10m19s | rolling avg 28.2 s/job | ETA 1h13m51s
[326/440]  74.1% | shuffle/main | r7 | xi=BLOCK_SHUFFLED_CYCLES | +6 dB | elapsed 2h10m46s | rolling avg 28.1 s/job | ETA 1h13m01s
[327/440]  74.3% | shuffle/main | r7 | xi=BLOCK_SHUFFLED_FIXED | +6 dB | elapsed 2h11m18s | rolling avg 28.5 s/job | ETA 1h13m31s
[328/440]  74.5% | shuffle/main | r7 | xi=SHUFFLED | +6 dB | elapsed 2h11m47s | rolling avg 28.2 s/job | ETA 1h12m25s
[329/440]  74.8% | dwell/main | r0 | xi=0.05 | -6 dB | elapsed 2h12m19s | rolling avg 28.7 s/job | ETA 1h13m05s
[330/440]  75.0% | dwell/main | r0 | xi=0.1 | -6 dB | elapsed 2h12m46s | rolling avg 28.5 s/job | ETA 1h12m07s
[331/440]  75.2% | dwell/main | r0 | xi=0.25 | -6 dB | elapsed 2h13m14s | rolling avg 28.6 s/job | ETA 1h11m55s
[332/440]  75.5% | dwell/main | r0 | xi=0.5 | -6 dB | elapsed 2h13m43s | rolling avg 28.9 s/job | ETA 1h12m07s
[333/440]  75.7% | dwell/main | r0 | xi=1 | -6 dB | elapsed 2h14m25s | rolling avg 29.9 s/job | ETA 1h14m17s
[334/440]  75.9% | dwell/main | r0 | xi=2 | -6 dB | elapsed 2h14m52s | rolling avg 29.9 s/job | ETA 1h13m38s
[335/440]  76.1% | dwell/main | r0 | xi=4 | -6 dB | elapsed 2h15m18s | rolling avg 29.9 s/job | ETA 1h13m20s
[336/440]  76.4% | dwell/main | r1 | xi=0.05 | -6 dB | elapsed 2h15m44s | rolling avg 29.8 s/job | ETA 1h12m36s
[337/440]  76.6% | dwell/main | r1 | xi=0.1 | -6 dB | elapsed 2h16m10s | rolling avg 29.2 s/job | ETA 1h10m31s
[338/440]  76.8% | dwell/main | r1 | xi=0.25 | -6 dB | elapsed 2h16m40s | rolling avg 29.3 s/job | ETA 1h10m24s
[339/440]  77.0% | dwell/main | r1 | xi=0.5 | -6 dB | elapsed 2h17m06s | rolling avg 28.6 s/job | ETA 1h08m13s
[340/440]  77.3% | dwell/main | r1 | xi=1 | -6 dB | elapsed 2h17m30s | rolling avg 28.4 s/job | ETA 1h07m15s
[341/440]  77.5% | dwell/main | r1 | xi=2 | -6 dB | elapsed 2h17m56s | rolling avg 28.1 s/job | ETA 1h06m04s
[342/440]  77.7% | dwell/main | r1 | xi=4 | -6 dB | elapsed 2h18m20s | rolling avg 27.7 s/job | ETA 1h04m35s
[343/440]  78.0% | dwell/main | r2 | xi=0.05 | -6 dB | elapsed 2h18m44s | rolling avg 26.0 s/job | ETA 1h00m07s
[344/440]  78.2% | dwell/main | r2 | xi=0.1 | -6 dB | elapsed 2h19m08s | rolling avg 25.7 s/job | ETA 0h59m00s
[345/440]  78.4% | dwell/main | r2 | xi=0.25 | -6 dB | elapsed 2h19m35s | rolling avg 25.6 s/job | ETA 0h58m31s
[346/440]  78.6% | dwell/main | r2 | xi=0.5 | -6 dB | elapsed 2h20m01s | rolling avg 25.7 s/job | ETA 0h58m19s
[347/440]  78.9% | dwell/main | r2 | xi=1 | -6 dB | elapsed 2h20m28s | rolling avg 25.8 s/job | ETA 0h57m57s
[348/440]  79.1% | dwell/main | r2 | xi=2 | -6 dB | elapsed 2h21m02s | rolling avg 26.2 s/job | ETA 0h58m30s
[349/440]  79.3% | dwell/main | r2 | xi=4 | -6 dB | elapsed 2h21m31s | rolling avg 26.5 s/job | ETA 0h58m49s
[350/440]  79.5% | dwell/main | r3 | xi=0.05 | -6 dB | elapsed 2h21m58s | rolling avg 26.8 s/job | ETA 0h58m58s
[351/440]  79.8% | dwell/main | r3 | xi=0.1 | -6 dB | elapsed 2h22m24s | rolling avg 26.8 s/job | ETA 0h58m31s
[352/440]  80.0% | dwell/main | r3 | xi=0.25 | -6 dB | elapsed 2h22m55s | rolling avg 27.5 s/job | ETA 0h59m40s
[353/440]  80.2% | dwell/main | r3 | xi=0.5 | -6 dB | elapsed 2h23m24s | rolling avg 28.0 s/job | ETA 1h00m15s
[354/440]  80.5% | dwell/main | r3 | xi=1 | -6 dB | elapsed 2h23m52s | rolling avg 28.4 s/job | ETA 1h00m34s
[355/440]  80.7% | dwell/main | r3 | xi=2 | -6 dB | elapsed 2h24m19s | rolling avg 28.4 s/job | ETA 1h00m05s
[356/440]  80.9% | dwell/main | r3 | xi=4 | -6 dB | elapsed 2h24m58s | rolling avg 29.6 s/job | ETA 1h02m15s
[357/440]  81.1% | dwell/main | r4 | xi=0.05 | -6 dB | elapsed 2h25m28s | rolling avg 30.0 s/job | ETA 1h02m33s
[358/440]  81.4% | dwell/main | r4 | xi=0.1 | -6 dB | elapsed 2h25m56s | rolling avg 29.4 s/job | ETA 1h00m41s
[359/440]  81.6% | dwell/main | r4 | xi=0.25 | -6 dB | elapsed 2h26m23s | rolling avg 29.2 s/job | ETA 0h59m53s
[360/440]  81.8% | dwell/main | r4 | xi=0.5 | -6 dB | elapsed 2h26m49s | rolling avg 29.1 s/job | ETA 0h59m08s
[361/440]  82.0% | dwell/main | r4 | xi=1 | -6 dB | elapsed 2h27m20s | rolling avg 29.7 s/job | ETA 0h59m48s
[362/440]  82.3% | dwell/main | r4 | xi=2 | -6 dB | elapsed 2h27m49s | rolling avg 29.3 s/job | ETA 0h58m36s
[363/440]  82.5% | dwell/main | r4 | xi=4 | -6 dB | elapsed 2h28m16s | rolling avg 29.2 s/job | ETA 0h57m52s
[364/440]  82.7% | dwell/main | r5 | xi=0.05 | -6 dB | elapsed 2h28m43s | rolling avg 29.1 s/job | ETA 0h57m08s
[365/440]  83.0% | dwell/main | r5 | xi=0.1 | -6 dB | elapsed 2h29m10s | rolling avg 29.2 s/job | ETA 0h56m53s
[366/440]  83.2% | dwell/main | r5 | xi=0.25 | -6 dB | elapsed 2h29m40s | rolling avg 28.2 s/job | ETA 0h54m29s
[367/440]  83.4% | dwell/main | r5 | xi=0.5 | -6 dB | elapsed 2h30m07s | rolling avg 27.9 s/job | ETA 0h53m24s
[368/440]  83.6% | dwell/main | r5 | xi=1 | -6 dB | elapsed 2h30m32s | rolling avg 27.6 s/job | ETA 0h52m30s
[369/440]  83.9% | dwell/main | r5 | xi=2 | -6 dB | elapsed 2h30m59s | rolling avg 27.6 s/job | ETA 0h51m54s
[370/440]  84.1% | dwell/main | r5 | xi=4 | -6 dB | elapsed 2h31m38s | rolling avg 28.9 s/job | ETA 0h54m00s
[371/440]  84.3% | dwell/main | r6 | xi=0.05 | -6 dB | elapsed 2h32m08s | rolling avg 28.7 s/job | ETA 0h53m09s
[372/440]  84.5% | dwell/main | r6 | xi=0.1 | -6 dB | elapsed 2h32m35s | rolling avg 28.7 s/job | ETA 0h52m35s
[373/440]  84.8% | dwell/main | r6 | xi=0.25 | -6 dB | elapsed 2h33m02s | rolling avg 28.6 s/job | ETA 0h51m56s
[374/440]  85.0% | dwell/main | r6 | xi=0.5 | -6 dB | elapsed 2h33m29s | rolling avg 28.6 s/job | ETA 0h51m24s
[375/440]  85.2% | dwell/main | r6 | xi=1 | -6 dB | elapsed 2h33m59s | rolling avg 28.9 s/job | ETA 0h51m29s
[376/440]  85.5% | dwell/main | r6 | xi=2 | -6 dB | elapsed 2h34m26s | rolling avg 28.7 s/job | ETA 0h50m37s
[377/440]  85.7% | dwell/main | r6 | xi=4 | -6 dB | elapsed 2h34m55s | rolling avg 28.8 s/job | ETA 0h50m22s
[378/440]  85.9% | dwell/main | r7 | xi=0.05 | -6 dB | elapsed 2h35m24s | rolling avg 29.1 s/job | ETA 0h50m30s
[379/440]  86.1% | dwell/main | r7 | xi=0.1 | -6 dB | elapsed 2h35m51s | rolling avg 29.2 s/job | ETA 0h50m06s
[380/440]  86.4% | dwell/main | r7 | xi=0.25 | -6 dB | elapsed 2h36m16s | rolling avg 27.8 s/job | ETA 0h47m15s
[381/440]  86.6% | dwell/main | r7 | xi=0.5 | -6 dB | elapsed 2h36m42s | rolling avg 27.5 s/job | ETA 0h46m14s
[382/440]  86.8% | dwell/main | r7 | xi=1 | -6 dB | elapsed 2h37m08s | rolling avg 27.2 s/job | ETA 0h45m23s
[383/440]  87.0% | dwell/main | r7 | xi=2 | -6 dB | elapsed 2h37m33s | rolling avg 27.1 s/job | ETA 0h44m42s
[384/440]  87.3% | dwell/main | r7 | xi=4 | -6 dB | elapsed 2h37m59s | rolling avg 27.0 s/job | ETA 0h44m09s
[385/440]  87.5% | shuffle/main | r0 | xi=ORIGINAL | -6 dB | elapsed 2h38m28s | rolling avg 26.9 s/job | ETA 0h43m32s
[386/440]  87.7% | shuffle/main | r0 | xi=BLOCK_SHUFFLED_CYCLES | -6 dB | elapsed 2h38m54s | rolling avg 26.8 s/job | ETA 0h42m50s
[387/440]  88.0% | shuffle/main | r0 | xi=BLOCK_SHUFFLED_FIXED | -6 dB | elapsed 2h39m21s | rolling avg 26.6 s/job | ETA 0h42m10s
[388/440]  88.2% | shuffle/main | r0 | xi=SHUFFLED | -6 dB | elapsed 2h39m49s | rolling avg 26.6 s/job | ETA 0h41m39s
[389/440]  88.4% | shuffle/main | r1 | xi=ORIGINAL | -6 dB | elapsed 2h40m19s | rolling avg 26.9 s/job | ETA 0h41m37s
[390/440]  88.6% | shuffle/main | r1 | xi=BLOCK_SHUFFLED_CYCLES | -6 dB | elapsed 2h40m45s | rolling avg 26.8 s/job | ETA 0h41m10s
[391/440]  88.9% | shuffle/main | r1 | xi=BLOCK_SHUFFLED_FIXED | -6 dB | elapsed 2h41m13s | rolling avg 27.1 s/job | ETA 0h41m07s
[392/440]  89.1% | shuffle/main | r1 | xi=SHUFFLED | -6 dB | elapsed 2h41m42s | rolling avg 27.5 s/job | ETA 0h41m13s
[393/440]  89.3% | shuffle/main | r2 | xi=ORIGINAL | -6 dB | elapsed 2h42m11s | rolling avg 27.8 s/job | ETA 0h41m12s
[394/440]  89.5% | shuffle/main | r2 | xi=BLOCK_SHUFFLED_CYCLES | -6 dB | elapsed 2h42m44s | rolling avg 28.5 s/job | ETA 0h41m45s
[395/440]  89.8% | shuffle/main | r2 | xi=BLOCK_SHUFFLED_FIXED | -6 dB | elapsed 2h43m12s | rolling avg 28.4 s/job | ETA 0h41m06s
[396/440]  90.0% | shuffle/main | r2 | xi=SHUFFLED | -6 dB | elapsed 2h43m42s | rolling avg 28.8 s/job | ETA 0h41m17s
[397/440]  90.2% | shuffle/main | r3 | xi=ORIGINAL | -6 dB | elapsed 2h44m11s | rolling avg 29.0 s/job | ETA 0h41m01s
[398/440]  90.5% | shuffle/main | r3 | xi=BLOCK_SHUFFLED_CYCLES | -6 dB | elapsed 2h44m43s | rolling avg 29.4 s/job | ETA 0h41m05s
[399/440]  90.7% | shuffle/main | r3 | xi=BLOCK_SHUFFLED_FIXED | -6 dB | elapsed 2h45m12s | rolling avg 29.3 s/job | ETA 0h40m27s
[400/440]  90.9% | shuffle/main | r3 | xi=SHUFFLED | -6 dB | elapsed 2h45m41s | rolling avg 29.6 s/job | ETA 0h40m29s
[401/440]  91.1% | shuffle/main | r4 | xi=ORIGINAL | -6 dB | elapsed 2h46m07s | rolling avg 29.4 s/job | ETA 0h39m42s
[402/440]  91.4% | shuffle/main | r4 | xi=BLOCK_SHUFFLED_CYCLES | -6 dB | elapsed 2h46m38s | rolling avg 29.5 s/job | ETA 0h39m22s
[403/440]  91.6% | shuffle/main | r4 | xi=BLOCK_SHUFFLED_FIXED | -6 dB | elapsed 2h47m06s | rolling avg 29.5 s/job | ETA 0h38m49s
[404/440]  91.8% | shuffle/main | r4 | xi=SHUFFLED | -6 dB | elapsed 2h47m35s | rolling avg 29.2 s/job | ETA 0h37m54s
[405/440]  92.0% | shuffle/main | r5 | xi=ORIGINAL | -6 dB | elapsed 2h48m05s | rolling avg 29.3 s/job | ETA 0h37m32s
[406/440]  92.3% | shuffle/main | r5 | xi=BLOCK_SHUFFLED_CYCLES | -6 dB | elapsed 2h48m34s | rolling avg 29.2 s/job | ETA 0h36m58s
[407/440]  92.5% | shuffle/main | r5 | xi=BLOCK_SHUFFLED_FIXED | -6 dB | elapsed 2h49m07s | rolling avg 29.6 s/job | ETA 0h37m01s
[408/440]  92.7% | shuffle/main | r5 | xi=SHUFFLED | -6 dB | elapsed 2h49m36s | rolling avg 29.3 s/job | ETA 0h36m09s
[409/440]  93.0% | shuffle/main | r6 | xi=ORIGINAL | -6 dB | elapsed 2h50m05s | rolling avg 29.3 s/job | ETA 0h35m37s
[410/440]  93.2% | shuffle/main | r6 | xi=BLOCK_SHUFFLED_CYCLES | -6 dB | elapsed 2h50m33s | rolling avg 29.2 s/job | ETA 0h34m59s
[411/440]  93.4% | shuffle/main | r6 | xi=BLOCK_SHUFFLED_FIXED | -6 dB | elapsed 2h51m04s | rolling avg 29.6 s/job | ETA 0h35m04s
[412/440]  93.6% | shuffle/main | r6 | xi=SHUFFLED | -6 dB | elapsed 2h51m32s | rolling avg 29.5 s/job | ETA 0h34m21s
[413/440]  93.9% | shuffle/main | r7 | xi=ORIGINAL | -6 dB | elapsed 2h51m59s | rolling avg 29.4 s/job | ETA 0h33m45s
[414/440]  94.1% | shuffle/main | r7 | xi=BLOCK_SHUFFLED_CYCLES | -6 dB | elapsed 2h52m26s | rolling avg 29.1 s/job | ETA 0h32m59s
[415/440]  94.3% | shuffle/main | r7 | xi=BLOCK_SHUFFLED_FIXED | -6 dB | elapsed 2h52m52s | rolling avg 28.7 s/job | ETA 0h32m04s
[416/440]  94.5% | shuffle/main | r7 | xi=SHUFFLED | -6 dB | elapsed 2h53m23s | rolling avg 28.9 s/job | ETA 0h31m50s
[417/440]  94.8% | dwell/num_Nd8001 Nd8001 | r0 | xi=0.05 | +3 dB | elapsed 2h54m44s | rolling avg 33.8 s/job | ETA 0h29m08s
[418/440]  95.0% | dwell/num_Nd8001 Nd8001 | r0 | xi=0.25 | +3 dB | elapsed 2h56m03s | rolling avg 38.7 s/job | ETA 0h26m49s
[419/440]  95.2% | dwell/num_Nd8001 Nd8001 | r0 | xi=1 | +3 dB | elapsed 2h57m19s | rolling avg 43.5 s/job | ETA 0h24m36s
[420/440]  95.5% | dwell/num_Nd8001 Nd8001 | r0 | xi=4 | +3 dB | elapsed 2h58m47s | rolling avg 49.4 s/job | ETA 0h22m48s
[421/440]  95.7% | dwell/num_Nd8001 Nd8001 | r1 | xi=0.05 | +3 dB | elapsed 3h00m07s | rolling avg 54.3 s/job | ETA 0h20m35s
[422/440]  95.9% | dwell/num_Nd8001 Nd8001 | r1 | xi=0.25 | +3 dB | elapsed 3h01m27s | rolling avg 59.5 s/job | ETA 0h18m41s
[423/440]  96.1% | dwell/num_Nd8001 Nd8001 | r1 | xi=1 | +3 dB | elapsed 3h03m10s | rolling avg 67.0 s/job | ETA 0h17m23s
[424/440]  96.4% | dwell/num_Nd8001 Nd8001 | r1 | xi=4 | +3 dB | elapsed 3h04m23s | rolling avg 71.7 s/job | ETA 0h15m33s
[425/440]  96.6% | dwell/num_dt0p5 dt0.5ns | r0 | xi=0.05 | +3 dB | elapsed 3h05m04s | rolling avg 73.2 s/job | ETA 0h14m25s
[426/440]  96.8% | dwell/num_dt0p5 dt0.5ns | r0 | xi=0.25 | +3 dB | elapsed 3h05m44s | rolling avg 74.1 s/job | ETA 0h12m58s
[427/440]  97.0% | dwell/num_dt0p5 dt0.5ns | r0 | xi=1 | +3 dB | elapsed 3h06m28s | rolling avg 70.3 s/job | ETA 0h12m08s
[428/440]  97.3% | dwell/num_dt0p5 dt0.5ns | r0 | xi=4 | +3 dB | elapsed 3h07m06s | rolling avg 66.3 s/job | ETA 0h11m13s
[429/440]  97.5% | dwell/num_dt0p5 dt0.5ns | r1 | xi=0.05 | +3 dB | elapsed 3h07m46s | rolling avg 62.7 s/job | ETA 0h10m23s
[430/440]  97.7% | dwell/num_dt0p5 dt0.5ns | r1 | xi=0.25 | +3 dB | elapsed 3h08m26s | rolling avg 57.9 s/job | ETA 0h09m25s
[431/440]  98.0% | dwell/num_dt0p5 dt0.5ns | r1 | xi=1 | +3 dB | elapsed 3h09m07s | rolling avg 54.0 s/job | ETA 0h08m35s
[432/440]  98.2% | dwell/num_dt0p5 dt0.5ns | r1 | xi=4 | +3 dB | elapsed 3h09m46s | rolling avg 49.9 s/job | ETA 0h07m45s
[433/440]  98.4% | shuffle/num_Nd8001 Nd8001 | r0 | xi=ORIGINAL | +3 dB | elapsed 3h11m03s | rolling avg 47.3 s/job | ETA 0h06m18s
[434/440]  98.6% | shuffle/num_Nd8001 Nd8001 | r0 | xi=BLOCK_SHUFFLED_CYCLES | +3 dB | elapsed 3h12m14s | rolling avg 47.1 s/job | ETA 0h05m05s
[435/440]  98.9% | shuffle/num_Nd8001 Nd8001 | r1 | xi=ORIGINAL | +3 dB | elapsed 3h13m23s | rolling avg 49.9 s/job | ETA 0h03m53s
[436/440]  99.1% | shuffle/num_Nd8001 Nd8001 | r1 | xi=BLOCK_SHUFFLED_CYCLES | +3 dB | elapsed 3h14m44s | rolling avg 54.0 s/job | ETA 0h02m44s
[437/440]  99.3% | shuffle/num_dt0p5 dt0.5ns | r0 | xi=ORIGINAL | +3 dB | elapsed 3h15m27s | rolling avg 54.0 s/job | ETA 0h02m03s
[438/440]  99.5% | shuffle/num_dt0p5 dt0.5ns | r0 | xi=BLOCK_SHUFFLED_CYCLES | +3 dB | elapsed 3h16m07s | rolling avg 54.1 s/job | ETA 0h01m22s
[439/440]  99.8% | shuffle/num_dt0p5 dt0.5ns | r1 | xi=ORIGINAL | +3 dB | elapsed 3h16m47s | rolling avg 54.1 s/job | ETA 0h00m41s
[440/440] 100.0% | shuffle/num_dt0p5 dt0.5ns | r1 | xi=BLOCK_SHUFFLED_CYCLES | +3 dB | elapsed 3h17m28s | rolling avg 54.2 s/job | ETA 0h00m00s
