[1/111]   0.9% | FU-A tau step | r0 | xi=step@0.8E1 | +0 dB | elapsed 0h00m25s | rolling avg 25.4 s/job | ETA 9h52m54s
[2/111]   1.8% | FU-A tau step | r0 | xi=step@1.0E1 | +0 dB | elapsed 0h00m42s | rolling avg 21.1 s/job | ETA 8h12m32s
[3/111]   2.7% | FU-A tau step | r0 | xi=step@1.2E1 | +0 dB | elapsed 0h00m53s | rolling avg 18.0 s/job | ETA 6h59m18s
[4/111]   3.6% | FU-B plateau cw | r0 | xi=60us | +0 dB | elapsed 0h02m16s | rolling avg 34.1 s/job | ETA 10h34m23s
[5/111]   4.5% | FU-B plateau qpsk | r0 | xi=60us | +0 dB | elapsed 0h02m56s | rolling avg 35.2 s/job | ETA 10h30m17s
[6/111]   5.4% | FU-B plateau cw | r0 | xi=60us | +3 dB | elapsed 0h03m19s | rolling avg 33.2 s/job | ETA 9h44m10s
[7/111]   6.3% | FU-B plateau qpsk | r0 | xi=60us | +3 dB | elapsed 0h03m54s | rolling avg 33.4 s/job | ETA 9h37m36s
[8/111]   7.2% | FU-C dwell CW-carrier | r0 | xi=0.05 | +3 dB | elapsed 0h05m14s | rolling avg 39.3 s/job | ETA 8h55m17s
[9/111]   8.1% | FU-C dwell CW-carrier | r0 | xi=0.1 | +3 dB | elapsed 0h05m47s | rolling avg 38.6 s/job | ETA 8h05m12s
[10/111]   9.0% | FU-C dwell CW-carrier | r0 | xi=0.25 | +3 dB | elapsed 0h06m42s | rolling avg 40.2 s/job | ETA 7h32m01s
[11/111]   9.9% | FU-C dwell CW-carrier | r0 | xi=0.5 | +3 dB | elapsed 0h07m10s | rolling avg 40.5 s/job | ETA 6h40m47s
[12/111]  10.8% | FU-C dwell CW-carrier | r0 | xi=1 | +3 dB | elapsed 0h07m38s | rolling avg 41.6 s/job | ETA 6h09m33s
[13/111]  11.7% | FU-C dwell CW-carrier | r0 | xi=2 | +3 dB | elapsed 0h08m07s | rolling avg 43.3 s/job | ETA 5h50m20s
[14/111]  12.6% | FU-C dwell CW-carrier | r0 | xi=4 | +3 dB | elapsed 0h08m38s | rolling avg 38.2 s/job | ETA 3h55m10s
[15/111]  13.5% | FU-C dwell CW-carrier | r0 | xi=0.05 | +0 dB | elapsed 0h09m07s | rolling avg 37.1 s/job | ETA 3h03m56s
[16/111]  14.4% | FU-C dwell CW-carrier | r0 | xi=0.1 | +0 dB | elapsed 0h09m36s | rolling avg 37.8 s/job | ETA 2h38m02s
[17/111]  15.3% | FU-C dwell CW-carrier | r0 | xi=0.25 | +0 dB | elapsed 0h10m08s | rolling avg 37.4 s/job | ETA 1h55m35s
[18/111]  16.2% | FU-C dwell CW-carrier | r0 | xi=0.5 | +0 dB | elapsed 0h10m43s | rolling avg 32.9 s/job | ETA 1h40m57s
[19/111]  17.1% | FU-C dwell CW-carrier | r0 | xi=1 | +0 dB | elapsed 0h11m14s | rolling avg 32.7 s/job | ETA 1h39m55s
[20/111]  18.0% | FU-C dwell CW-carrier | r0 | xi=2 | +0 dB | elapsed 0h11m39s | rolling avg 29.7 s/job | ETA 1h30m09s
[21/111]  18.9% | FU-C dwell CW-carrier | r0 | xi=4 | +0 dB | elapsed 0h12m08s | rolling avg 29.9 s/job | ETA 1h30m13s
[22/111]  19.8% | FU-C dwell CW-carrier | r1 | xi=0.05 | +3 dB | elapsed 0h12m36s | rolling avg 29.8 s/job | ETA 1h29m37s
[23/111]  20.7% | FU-C dwell CW-carrier | r1 | xi=0.1 | +3 dB | elapsed 0h13m08s | rolling avg 30.1 s/job | ETA 1h30m02s
[24/111]  21.6% | FU-C dwell CW-carrier | r1 | xi=0.25 | +3 dB | elapsed 0h13m39s | rolling avg 30.1 s/job | ETA 1h29m27s
[25/111]  22.5% | FU-C dwell CW-carrier | r1 | xi=0.5 | +3 dB | elapsed 0h14m07s | rolling avg 30.0 s/job | ETA 1h28m39s
[26/111]  23.4% | FU-C dwell CW-carrier | r1 | xi=1 | +3 dB | elapsed 0h14m37s | rolling avg 30.1 s/job | ETA 1h28m20s
[27/111]  24.3% | FU-C dwell CW-carrier | r1 | xi=2 | +3 dB | elapsed 0h15m07s | rolling avg 29.9 s/job | ETA 1h27m19s
[28/111]  25.2% | FU-C dwell CW-carrier | r1 | xi=4 | +3 dB | elapsed 0h15m37s | rolling avg 29.5 s/job | ETA 1h25m33s
[29/111]  26.1% | FU-C dwell CW-carrier | r1 | xi=0.05 | +0 dB | elapsed 0h16m08s | rolling avg 29.4 s/job | ETA 1h24m52s
[30/111]  27.0% | FU-C dwell CW-carrier | r1 | xi=0.1 | +0 dB | elapsed 0h16m38s | rolling avg 30.0 s/job | ETA 1h25m59s
[31/111]  27.9% | FU-C dwell CW-carrier | r1 | xi=0.25 | +0 dB | elapsed 0h17m12s | rolling avg 30.3 s/job | ETA 1h26m31s
[32/111]  28.8% | FU-C dwell CW-carrier | r1 | xi=0.5 | +0 dB | elapsed 0h17m41s | rolling avg 30.5 s/job | ETA 1h26m29s
[33/111]  29.7% | FU-C dwell CW-carrier | r1 | xi=1 | +0 dB | elapsed 0h18m11s | rolling avg 30.3 s/job | ETA 1h25m19s
[34/111]  30.6% | FU-C dwell CW-carrier | r1 | xi=2 | +0 dB | elapsed 0h18m41s | rolling avg 30.2 s/job | ETA 1h24m41s
[35/111]  31.5% | FU-C dwell CW-carrier | r1 | xi=4 | +0 dB | elapsed 0h19m11s | rolling avg 30.4 s/job | ETA 1h24m41s
[36/111]  32.4% | FU-C dwell CW-carrier | r2 | xi=0.05 | +3 dB | elapsed 0h19m45s | rolling avg 30.8 s/job | ETA 1h25m23s
[37/111]  33.3% | FU-C dwell CW-carrier | r2 | xi=0.1 | +3 dB | elapsed 0h20m13s | rolling avg 30.6 s/job | ETA 1h24m14s
[38/111]  34.2% | FU-C dwell CW-carrier | r2 | xi=0.25 | +3 dB | elapsed 0h20m43s | rolling avg 30.5 s/job | ETA 1h23m32s
[39/111]  35.1% | FU-C dwell CW-carrier | r2 | xi=0.5 | +3 dB | elapsed 0h21m11s | rolling avg 30.3 s/job | ETA 1h22m29s
[40/111]  36.0% | FU-C dwell CW-carrier | r2 | xi=1 | +3 dB | elapsed 0h21m45s | rolling avg 30.6 s/job | ETA 1h22m45s
[41/111]  36.9% | FU-C dwell CW-carrier | r2 | xi=2 | +3 dB | elapsed 0h22m16s | rolling avg 30.5 s/job | ETA 1h21m49s
[42/111]  37.8% | FU-C dwell CW-carrier | r2 | xi=4 | +3 dB | elapsed 0h22m44s | rolling avg 30.3 s/job | ETA 1h20m53s
[43/111]  38.7% | FU-C dwell CW-carrier | r2 | xi=0.05 | +0 dB | elapsed 0h23m12s | rolling avg 30.1 s/job | ETA 1h19m48s
[44/111]  39.6% | FU-C dwell CW-carrier | r2 | xi=0.1 | +0 dB | elapsed 0h23m44s | rolling avg 30.3 s/job | ETA 1h19m55s
[45/111]  40.5% | FU-C dwell CW-carrier | r2 | xi=0.25 | +0 dB | elapsed 0h24m13s | rolling avg 30.2 s/job | ETA 1h19m01s
[46/111]  41.4% | FU-C dwell CW-carrier | r2 | xi=0.5 | +0 dB | elapsed 0h24m44s | rolling avg 29.8 s/job | ETA 1h17m39s
[47/111]  42.3% | FU-C dwell CW-carrier | r2 | xi=1 | +0 dB | elapsed 0h25m12s | rolling avg 29.9 s/job | ETA 1h17m24s
[48/111]  43.2% | FU-C dwell CW-carrier | r2 | xi=2 | +0 dB | elapsed 0h25m43s | rolling avg 30.1 s/job | ETA 1h17m16s
[49/111]  44.1% | FU-C dwell CW-carrier | r2 | xi=4 | +0 dB | elapsed 0h26m21s | rolling avg 30.9 s/job | ETA 1h18m57s
[50/111]  45.0% | FU-C dwell CW-carrier | r3 | xi=0.05 | +3 dB | elapsed 0h27m01s | rolling avg 31.7 s/job | ETA 1h20m22s
[51/111]  45.9% | FU-C dwell CW-carrier | r3 | xi=0.1 | +3 dB | elapsed 0h27m30s | rolling avg 31.4 s/job | ETA 1h19m00s
[52/111]  46.8% | FU-C dwell CW-carrier | r3 | xi=0.25 | +3 dB | elapsed 0h28m04s | rolling avg 31.9 s/job | ETA 1h19m58s
[53/111]  47.7% | FU-C dwell CW-carrier | r3 | xi=0.5 | +3 dB | elapsed 0h28m47s | rolling avg 33.5 s/job | ETA 1h23m22s
[54/111]  48.6% | FU-C dwell CW-carrier | r3 | xi=1 | +3 dB | elapsed 0h29m48s | rolling avg 36.4 s/job | ETA 1h29m47s
[55/111]  49.5% | FU-C dwell CW-carrier | r3 | xi=2 | +3 dB | elapsed 0h30m57s | rolling avg 40.4 s/job | ETA 1h39m10s
[56/111]  50.5% | FU-C dwell CW-carrier | r3 | xi=4 | +3 dB | elapsed 0h31m42s | rolling avg 41.9 s/job | ETA 1h42m04s
[57/111]  51.4% | FU-C dwell CW-carrier | r3 | xi=0.05 | +0 dB | elapsed 0h32m36s | rolling avg 44.4 s/job | ETA 1h47m28s
[58/111]  52.3% | FU-C dwell CW-carrier | r3 | xi=0.1 | +0 dB | elapsed 0h33m06s | rolling avg 44.3 s/job | ETA 1h46m23s
[59/111]  53.2% | FU-C dwell CW-carrier | r3 | xi=0.25 | +0 dB | elapsed 0h33m36s | rolling avg 43.6 s/job | ETA 1h43m59s
[60/111]  54.1% | FU-C dwell CW-carrier | r3 | xi=0.5 | +0 dB | elapsed 0h34m06s | rolling avg 42.4 s/job | ETA 1h40m32s
[61/111]  55.0% | FU-C dwell CW-carrier | r3 | xi=1 | +0 dB | elapsed 0h35m08s | rolling avg 45.8 s/job | ETA 1h47m51s
[62/111]  55.9% | FU-C dwell CW-carrier | r3 | xi=2 | +0 dB | elapsed 0h35m57s | rolling avg 47.4 s/job | ETA 1h50m38s
[63/111]  56.8% | FU-C dwell CW-carrier | r3 | xi=4 | +0 dB | elapsed 0h36m41s | rolling avg 47.4 s/job | ETA 1h50m02s
[64/111]  57.7% | FU-D long QPSK-carrier | r0 | xi=0.05 | +3 dB | elapsed 0h39m37s | rolling avg 58.9 s/job | ETA 1h47m38s
[65/111]  58.6% | FU-D long QPSK-carrier | r0 | xi=1 | +3 dB | elapsed 0h42m11s | rolling avg 67.4 s/job | ETA 1h41m50s
[66/111]  59.5% | FU-D long QPSK-carrier | r0 | xi=4 | +3 dB | elapsed 0h44m47s | rolling avg 78.4 s/job | ETA 1h41m22s
[67/111]  60.4% | FU-D long QPSK-carrier | r0 | xi=8 | +3 dB | elapsed 0h47m17s | rolling avg 88.1 s/job | ETA 1h38m42s
[68/111]  61.3% | FU-D long QPSK-carrier | r0 | xi=16 | +3 dB | elapsed 0h50m09s | rolling avg 102.3 s/job | ETA 1h42m36s
[69/111]  62.2% | FU-D long QPSK-carrier | r0 | xi=32 | +3 dB | elapsed 0h52m59s | rolling avg 116.2 s/job | ETA 1h45m57s
[70/111]  63.1% | FU-D long QPSK-carrier | r1 | xi=0.05 | +3 dB | elapsed 0h55m28s | rolling avg 128.2 s/job | ETA 1h47m47s
[71/111]  64.0% | FU-D long QPSK-carrier | r1 | xi=1 | +3 dB | elapsed 0h58m06s | rolling avg 137.8 s/job | ETA 1h43m38s
[72/111]  64.9% | FU-D long QPSK-carrier | r1 | xi=4 | +3 dB | elapsed 1h00m46s | rolling avg 148.9 s/job | ETA 1h42m12s
[73/111]  65.8% | FU-D long QPSK-carrier | r1 | xi=8 | +3 dB | elapsed 1h04m12s | rolling avg 165.1 s/job | ETA 1h44m34s
[74/111]  66.7% | FU-D long QPSK-carrier | r1 | xi=16 | +3 dB | elapsed 1h07m06s | rolling avg 164.9 s/job | ETA 1h41m39s
[75/111]  67.6% | FU-D long QPSK-carrier | r1 | xi=32 | +3 dB | elapsed 1h10m05s | rolling avg 167.4 s/job | ETA 1h40m26s
[76/111]  68.5% | FU-D long QPSK-carrier | r2 | xi=0.05 | +3 dB | elapsed 1h12m45s | rolling avg 167.8 s/job | ETA 1h37m54s
[77/111]  69.4% | FU-D long QPSK-carrier | r2 | xi=1 | +3 dB | elapsed 1h15m24s | rolling avg 168.7 s/job | ETA 1h35m34s
[78/111]  70.3% | FU-D long QPSK-carrier | r2 | xi=4 | +3 dB | elapsed 1h18m19s | rolling avg 169.0 s/job | ETA 1h32m56s
[79/111]  71.2% | FU-D long QPSK-carrier | r2 | xi=8 | +3 dB | elapsed 1h21m38s | rolling avg 171.9 s/job | ETA 1h31m41s
[80/111]  72.1% | FU-D long QPSK-carrier | r2 | xi=16 | +3 dB | elapsed 1h24m26s | rolling avg 173.9 s/job | ETA 1h29m49s
[81/111]  73.0% | FU-D long QPSK-carrier | r2 | xi=32 | +3 dB | elapsed 1h27m02s | rolling avg 173.7 s/job | ETA 1h26m49s
[82/111]  73.9% | FU-D long QPSK-carrier | r3 | xi=0.05 | +3 dB | elapsed 1h30m08s | rolling avg 176.2 s/job | ETA 1h25m10s
[83/111]  74.8% | FU-D long QPSK-carrier | r3 | xi=1 | +3 dB | elapsed 1h32m14s | rolling avg 168.1 s/job | ETA 1h18m27s
[84/111]  75.7% | FU-D long QPSK-carrier | r3 | xi=4 | +3 dB | elapsed 1h33m29s | rolling avg 158.4 s/job | ETA 1h11m15s
[85/111]  76.6% | FU-D long QPSK-carrier | r3 | xi=8 | +3 dB | elapsed 1h34m48s | rolling avg 148.3 s/job | ETA 1h04m15s
[86/111]  77.5% | FU-D long QPSK-carrier | r3 | xi=16 | +3 dB | elapsed 1h36m11s | rolling avg 140.6 s/job | ETA 0h58m34s
[87/111]  78.4% | FU-D long QPSK-carrier | r3 | xi=32 | +3 dB | elapsed 1h37m34s | rolling avg 133.0 s/job | ETA 0h53m13s
[88/111]  79.3% | FU-D long CW-carrier | r0 | xi=0.05 | +3 dB | elapsed 1h38m59s | rolling avg 124.1 s/job | ETA 0h47m34s
[89/111]  80.2% | FU-D long CW-carrier | r0 | xi=1 | +3 dB | elapsed 1h40m25s | rolling avg 112.7 s/job | ETA 0h41m19s
[90/111]  81.1% | FU-D long CW-carrier | r0 | xi=4 | +3 dB | elapsed 1h41m42s | rolling avg 103.6 s/job | ETA 0h36m15s
[91/111]  82.0% | FU-D long CW-carrier | r0 | xi=8 | +3 dB | elapsed 1h43m11s | rolling avg 96.9 s/job | ETA 0h32m17s
[92/111]  82.9% | FU-D long CW-carrier | r0 | xi=16 | +3 dB | elapsed 1h44m34s | rolling avg 86.5 s/job | ETA 0h27m24s
[93/111]  83.8% | FU-D long CW-carrier | r0 | xi=32 | +3 dB | elapsed 1h45m52s | rolling avg 81.8 s/job | ETA 0h24m32s
[94/111]  84.7% | FU-D long CW-carrier | r1 | xi=0.05 | +3 dB | elapsed 1h47m15s | rolling avg 82.6 s/job | ETA 0h23m24s
[95/111]  85.6% | FU-D long CW-carrier | r1 | xi=1 | +3 dB | elapsed 1h48m39s | rolling avg 83.1 s/job | ETA 0h22m09s
[96/111]  86.5% | FU-D long CW-carrier | r1 | xi=4 | +3 dB | elapsed 1h49m57s | rolling avg 82.6 s/job | ETA 0h20m38s
[97/111]  87.4% | FU-D long CW-carrier | r1 | xi=8 | +3 dB | elapsed 1h51m16s | rolling avg 82.2 s/job | ETA 0h19m10s
[98/111]  88.3% | FU-D long CW-carrier | r1 | xi=16 | +3 dB | elapsed 1h52m46s | rolling avg 82.6 s/job | ETA 0h17m53s
[99/111]  89.2% | FU-D long CW-carrier | r1 | xi=32 | +3 dB | elapsed 1h54m08s | rolling avg 82.3 s/job | ETA 0h16m27s
[100/111]  90.1% | FU-D long CW-carrier | r2 | xi=0.05 | +3 dB | elapsed 1h55m35s | rolling avg 83.2 s/job | ETA 0h15m15s
[101/111]  91.0% | FU-D long CW-carrier | r2 | xi=1 | +3 dB | elapsed 1h56m55s | rolling avg 82.4 s/job | ETA 0h13m44s
[102/111]  91.9% | FU-D long CW-carrier | r2 | xi=4 | +3 dB | elapsed 1h58m15s | rolling avg 82.1 s/job | ETA 0h12m19s
[103/111]  92.8% | FU-D long CW-carrier | r2 | xi=8 | +3 dB | elapsed 1h59m35s | rolling avg 82.3 s/job | ETA 0h10m58s
[104/111]  93.7% | FU-D long CW-carrier | r2 | xi=16 | +3 dB | elapsed 2h01m01s | rolling avg 82.5 s/job | ETA 0h09m37s
[105/111]  94.6% | FU-D long CW-carrier | r2 | xi=32 | +3 dB | elapsed 2h02m17s | rolling avg 81.8 s/job | ETA 0h08m10s
[106/111]  95.5% | FU-D long CW-carrier | r3 | xi=0.05 | +3 dB | elapsed 2h03m36s | rolling avg 81.9 s/job | ETA 0h06m49s
[107/111]  96.4% | FU-D long CW-carrier | r3 | xi=1 | +3 dB | elapsed 2h04m56s | rolling avg 82.0 s/job | ETA 0h05m27s
[108/111]  97.3% | FU-D long CW-carrier | r3 | xi=4 | +3 dB | elapsed 2h06m19s | rolling avg 81.3 s/job | ETA 0h04m04s
[109/111]  98.2% | FU-D long CW-carrier | r3 | xi=8 | +3 dB | elapsed 2h07m49s | rolling avg 82.1 s/job | ETA 0h02m44s
[110/111]  99.1% | FU-D long CW-carrier | r3 | xi=16 | +3 dB | elapsed 2h09m16s | rolling avg 82.1 s/job | ETA 0h01m22s
[111/111] 100.0% | FU-D long CW-carrier | r3 | xi=32 | +3 dB | elapsed 2h10m46s | rolling avg 83.1 s/job | ETA 0h00m00s
